Archive member included to satisfy reference by file (symbol)

d:/st/stm32cubeide_1.10.1/stm32cubeide/plugins/com.st.stm32cube.ide.mcu.externaltools.gnu-tools-for-stm32.10.3-2021.10.win32_1.0.0.202111181127/tools/bin/../lib/gcc/arm-none-eabi/10.3.1/../../../../arm-none-eabi/lib/thumb/v7e-m+fp/hard\libc_nano.a(lib_a-errno.o)
                              ./Core/Src/syscalls.o (__errno)
d:/st/stm32cubeide_1.10.1/stm32cubeide/plugins/com.st.stm32cube.ide.mcu.externaltools.gnu-tools-for-stm32.10.3-2021.10.win32_1.0.0.202111181127/tools/bin/../lib/gcc/arm-none-eabi/10.3.1/../../../../arm-none-eabi/lib/thumb/v7e-m+fp/hard\libc_nano.a(lib_a-exit.o)
                              d:/st/stm32cubeide_1.10.1/stm32cubeide/plugins/com.st.stm32cube.ide.mcu.externaltools.gnu-tools-for-stm32.10.3-2021.10.win32_1.0.0.202111181127/tools/bin/../lib/gcc/arm-none-eabi/10.3.1/../../../../arm-none-eabi/lib/thumb/v7e-m+fp/hard/crt0.o (exit)
d:/st/stm32cubeide_1.10.1/stm32cubeide/plugins/com.st.stm32cube.ide.mcu.externaltools.gnu-tools-for-stm32.10.3-2021.10.win32_1.0.0.202111181127/tools/bin/../lib/gcc/arm-none-eabi/10.3.1/../../../../arm-none-eabi/lib/thumb/v7e-m+fp/hard\libc_nano.a(lib_a-impure.o)
                              d:/st/stm32cubeide_1.10.1/stm32cubeide/plugins/com.st.stm32cube.ide.mcu.externaltools.gnu-tools-for-stm32.10.3-2021.10.win32_1.0.0.202111181127/tools/bin/../lib/gcc/arm-none-eabi/10.3.1/../../../../arm-none-eabi/lib/thumb/v7e-m+fp/hard\libc_nano.a(lib_a-exit.o) (_global_impure_ptr)
d:/st/stm32cubeide_1.10.1/stm32cubeide/plugins/com.st.stm32cube.ide.mcu.externaltools.gnu-tools-for-stm32.10.3-2021.10.win32_1.0.0.202111181127/tools/bin/../lib/gcc/arm-none-eabi/10.3.1/../../../../arm-none-eabi/lib/thumb/v7e-m+fp/hard\libc_nano.a(lib_a-init.o)
                              d:/st/stm32cubeide_1.10.1/stm32cubeide/plugins/com.st.stm32cube.ide.mcu.externaltools.gnu-tools-for-stm32.10.3-2021.10.win32_1.0.0.202111181127/tools/bin/../lib/gcc/arm-none-eabi/10.3.1/../../../../arm-none-eabi/lib/thumb/v7e-m+fp/hard/crt0.o (__libc_init_array)
d:/st/stm32cubeide_1.10.1/stm32cubeide/plugins/com.st.stm32cube.ide.mcu.externaltools.gnu-tools-for-stm32.10.3-2021.10.win32_1.0.0.202111181127/tools/bin/../lib/gcc/arm-none-eabi/10.3.1/../../../../arm-none-eabi/lib/thumb/v7e-m+fp/hard\libc_nano.a(lib_a-malloc.o)
                              ./Middlewares/ST/STM32_USB_Host_Library/Class/MSC/Src/usbh_msc.o (malloc)
d:/st/stm32cubeide_1.10.1/stm32cubeide/plugins/com.st.stm32cube.ide.mcu.externaltools.gnu-tools-for-stm32.10.3-2021.10.win32_1.0.0.202111181127/tools/bin/../lib/gcc/arm-none-eabi/10.3.1/../../../../arm-none-eabi/lib/thumb/v7e-m+fp/hard\libc_nano.a(lib_a-memcpy-stub.o)
                              ./Middlewares/ST/STM32_USB_Host_Library/Class/MSC/Src/usbh_msc.o (memcpy)
d:/st/stm32cubeide_1.10.1/stm32cubeide/plugins/com.st.stm32cube.ide.mcu.externaltools.gnu-tools-for-stm32.10.3-2021.10.win32_1.0.0.202111181127/tools/bin/../lib/gcc/arm-none-eabi/10.3.1/../../../../arm-none-eabi/lib/thumb/v7e-m+fp/hard\libc_nano.a(lib_a-memset.o)
                              d:/st/stm32cubeide_1.10.1/stm32cubeide/plugins/com.st.stm32cube.ide.mcu.externaltools.gnu-tools-for-stm32.10.3-2021.10.win32_1.0.0.202111181127/tools/bin/../lib/gcc/arm-none-eabi/10.3.1/../../../../arm-none-eabi/lib/thumb/v7e-m+fp/hard/crt0.o (memset)
d:/st/stm32cubeide_1.10.1/stm32cubeide/plugins/com.st.stm32cube.ide.mcu.externaltools.gnu-tools-for-stm32.10.3-2021.10.win32_1.0.0.202111181127/tools/bin/../lib/gcc/arm-none-eabi/10.3.1/../../../../arm-none-eabi/lib/thumb/v7e-m+fp/hard\libc_nano.a(lib_a-nano-freer.o)
                              d:/st/stm32cubeide_1.10.1/stm32cubeide/plugins/com.st.stm32cube.ide.mcu.externaltools.gnu-tools-for-stm32.10.3-2021.10.win32_1.0.0.202111181127/tools/bin/../lib/gcc/arm-none-eabi/10.3.1/../../../../arm-none-eabi/lib/thumb/v7e-m+fp/hard\libc_nano.a(lib_a-malloc.o) (_free_r)
d:/st/stm32cubeide_1.10.1/stm32cubeide/plugins/com.st.stm32cube.ide.mcu.externaltools.gnu-tools-for-stm32.10.3-2021.10.win32_1.0.0.202111181127/tools/bin/../lib/gcc/arm-none-eabi/10.3.1/../../../../arm-none-eabi/lib/thumb/v7e-m+fp/hard\libc_nano.a(lib_a-nano-mallocr.o)
                              d:/st/stm32cubeide_1.10.1/stm32cubeide/plugins/com.st.stm32cube.ide.mcu.externaltools.gnu-tools-for-stm32.10.3-2021.10.win32_1.0.0.202111181127/tools/bin/../lib/gcc/arm-none-eabi/10.3.1/../../../../arm-none-eabi/lib/thumb/v7e-m+fp/hard\libc_nano.a(lib_a-malloc.o) (_malloc_r)
d:/st/stm32cubeide_1.10.1/stm32cubeide/plugins/com.st.stm32cube.ide.mcu.externaltools.gnu-tools-for-stm32.10.3-2021.10.win32_1.0.0.202111181127/tools/bin/../lib/gcc/arm-none-eabi/10.3.1/../../../../arm-none-eabi/lib/thumb/v7e-m+fp/hard\libc_nano.a(lib_a-printf.o)
                              ./Core/Src/main.o (printf)
[...]
Memory Configuration

Name             Origin             Length             Attributes
RAM              0x0000000020000000 0x000000000001ffd8 xrw
FLASH            0x0000000008000000 0x0000000000080000 xr
*default*        0x0000000000000000 0xffffffffffffffff

Linker script and memory map

LOAD d:/st/stm32cubeide_1.10.1/stm32cubeide/plugins/com.st.stm32cube.ide.mcu.externaltools.gnu-tools-for-stm32.10.3-2021.10.win32_1.0.0.202111181127/tools/bin/../lib/gcc/arm-none-eabi/10.3.1/thumb/v7e-m+fp/hard/crti.o
LOAD d:/st/stm32cubeide_1.10.1/stm32cubeide/plugins/com.st.stm32cube.ide.mcu.externaltools.gnu-tools-for-stm32.10.3-2021.10.win32_1.0.0.202111181127/tools/bin/../lib/gcc/arm-none-eabi/10.3.1/thumb/v7e-m+fp/hard/crtbegin.o
LOAD d:/st/stm32cubeide_1.10.1/stm32cubeide/plugins/com.st.stm32cube.ide.mcu.externaltools.gnu-tools-for-stm32.10.3-2021.10.win32_1.0.0.202111181127/tools/bin/../lib/gcc/arm-none-eabi/10.3.1/../../../../arm-none-eabi/lib/thumb/v7e-m+fp/hard/crt0.o
LOAD ./Core/Src/gpio.o
LOAD ./Core/Src/main.o
LOAD ./Core/Src/stm32f4xx_hal_msp.o
LOAD ./Core/Src/stm32f4xx_it.o
LOAD ./Core/Src/syscalls.o
LOAD ./Core/Src/sysmem.o
LOAD ./Core/Src/system_stm32f4xx.o
LOAD ./Core/Src/usart.o
LOAD ./Core/Startup/startup_stm32f446vetx.o
LOAD ./Drivers/STM32F4xx_HAL_Driver/Src/stm32f4xx_hal.o
LOAD ./Drivers/STM32F4xx_HAL_Driver/Src/stm32f4xx_hal_cortex.o
LOAD ./Drivers/STM32F4xx_HAL_Driver/Src/stm32f4xx_hal_dma.o
LOAD ./Drivers/STM32F4xx_HAL_Driver/Src/stm32f4xx_hal_dma_ex.o
LOAD ./Drivers/STM32F4xx_HAL_Driver/Src/stm32f4xx_hal_exti.o
LOAD ./Drivers/STM32F4xx_HAL_Driver/Src/stm32f4xx_hal_flash.o
LOAD ./Drivers/STM32F4xx_HAL_Driver/Src/stm32f4xx_hal_flash_ex.o
LOAD ./Drivers/STM32F4xx_HAL_Driver/Src/stm32f4xx_hal_flash_ramfunc.o
LOAD ./Drivers/STM32F4xx_HAL_Driver/Src/stm32f4xx_hal_gpio.o
LOAD ./Drivers/STM32F4xx_HAL_Driver/Src/stm32f4xx_hal_hcd.o
LOAD ./Drivers/STM32F4xx_HAL_Driver/Src/stm32f4xx_hal_pwr.o
LOAD ./Drivers/STM32F4xx_HAL_Driver/Src/stm32f4xx_hal_pwr_ex.o
LOAD ./Drivers/STM32F4xx_HAL_Driver/Src/stm32f4xx_hal_rcc.o
LOAD ./Drivers/STM32F4xx_HAL_Driver/Src/stm32f4xx_hal_rcc_ex.o
LOAD ./Drivers/STM32F4xx_HAL_Driver/Src/stm32f4xx_hal_tim.o
LOAD ./Drivers/STM32F4xx_HAL_Driver/Src/stm32f4xx_hal_tim_ex.o
LOAD ./Drivers/STM32F4xx_HAL_Driver/Src/stm32f4xx_hal_uart.o
LOAD ./Drivers/STM32F4xx_HAL_Driver/Src/stm32f4xx_ll_usb.o
LOAD ./FATFS/App/fatfs.o
LOAD ./FATFS/Target/usbh_diskio.o
LOAD ./Middlewares/ST/STM32_USB_Host_Library/Class/MSC/Src/usbh_msc.o
LOAD ./Middlewares/ST/STM32_USB_Host_Library/Class/MSC/Src/usbh_msc_bot.o
LOAD ./Middlewares/ST/STM32_USB_Host_Library/Class/MSC/Src/usbh_msc_scsi.o
LOAD ./Middlewares/ST/STM32_USB_Host_Library/Core/Src/usbh_core.o
LOAD ./Middlewares/ST/STM32_USB_Host_Library/Core/Src/usbh_ctlreq.o
LOAD ./Middlewares/ST/STM32_USB_Host_Library/Core/Src/usbh_ioreq.o
LOAD ./Middlewares/ST/STM32_USB_Host_Library/Core/Src/usbh_pipes.o
LOAD ./Middlewares/Third_Party/FatFs/src/diskio.o
LOAD ./Middlewares/Third_Party/FatFs/src/ff.o
LOAD ./Middlewares/Third_Party/FatFs/src/ff_gen_drv.o
LOAD ./Middlewares/Third_Party/FatFs/src/option/syscall.o
LOAD ./USB_HOST/App/usb_host.o
LOAD ./USB_HOST/Target/usbh_conf.o
LOAD ./USB_HOST/Target/usbh_platform.o
LOAD ./mycode/BootLoader.o
START GROUP
LOAD d:/st/stm32cubeide_1.10.1/stm32cubeide/plugins/com.st.stm32cube.ide.mcu.externaltools.gnu-tools-for-stm32.10.3-2021.10.win32_1.0.0.202111181127/tools/bin/../lib/gcc/arm-none-eabi/10.3.1/../../../../arm-none-eabi/lib/thumb/v7e-m+fp/hard\libc_nano.a
LOAD d:/st/stm32cubeide_1.10.1/stm32cubeide/plugins/com.st.stm32cube.ide.mcu.externaltools.gnu-tools-for-stm32.10.3-2021.10.win32_1.0.0.202111181127/tools/bin/../lib/gcc/arm-none-eabi/10.3.1/../../../../arm-none-eabi/lib/thumb/v7e-m+fp/hard\libm.a
END GROUP
START GROUP
LOAD d:/st/stm32cubeide_1.10.1/stm32cubeide/plugins/com.st.stm32cube.ide.mcu.externaltools.gnu-tools-for-stm32.10.3-2021.10.win32_1.0.0.202111181127/tools/bin/../lib/gcc/arm-none-eabi/10.3.1/thumb/v7e-m+fp/hard\libgcc.a
LOAD d:/st/stm32cubeide_1.10.1/stm32cubeide/plugins/com.st.stm32cube.ide.mcu.externaltools.gnu-tools-for-stm32.10.3-2021.10.win32_1.0.0.202111181127/tools/bin/../lib/gcc/arm-none-eabi/10.3.1/../../../../arm-none-eabi/lib/thumb/v7e-m+fp/hard\libc_nano.a
END GROUP
START GROUP
LOAD d:/st/stm32cubeide_1.10.1/stm32cubeide/plugins/com.st.stm32cube.ide.mcu.externaltools.gnu-tools-for-stm32.10.3-2021.10.win32_1.0.0.202111181127/tools/bin/../lib/gcc/arm-none-eabi/10.3.1/thumb/v7e-m+fp/hard\libgcc.a
LOAD d:/st/stm32cubeide_1.10.1/stm32cubeide/plugins/com.st.stm32cube.ide.mcu.externaltools.gnu-tools-for-stm32.10.3-2021.10.win32_1.0.0.202111181127/tools/bin/../lib/gcc/arm-none-eabi/10.3.1/../../../../arm-none-eabi/lib/thumb/v7e-m+fp/hard\libc_nano.a
LOAD d:/st/stm32cubeide_1.10.1/stm32cubeide/plugins/com.st.stm32cube.ide.mcu.externaltools.gnu-tools-for-stm32.10.3-2021.10.win32_1.0.0.202111181127/tools/bin/../lib/gcc/arm-none-eabi/10.3.1/../../../../arm-none-eabi/lib/thumb/v7e-m+fp/hard\libnosys.a
END GROUP
START GROUP
LOAD d:/st/stm32cubeide_1.10.1/stm32cubeide/plugins/com.st.stm32cube.ide.mcu.externaltools.gnu-tools-for-stm32.10.3-2021.10.win32_1.0.0.202111181127/tools/bin/../lib/gcc/arm-none-eabi/10.3.1/thumb/v7e-m+fp/hard\libgcc.a
LOAD d:/st/stm32cubeide_1.10.1/stm32cubeide/plugins/com.st.stm32cube.ide.mcu.externaltools.gnu-tools-for-stm32.10.3-2021.10.win32_1.0.0.202111181127/tools/bin/../lib/gcc/arm-none-eabi/10.3.1/../../../../arm-none-eabi/lib/thumb/v7e-m+fp/hard\libc_nano.a
LOAD d:/st/stm32cubeide_1.10.1/stm32cubeide/plugins/com.st.stm32cube.ide.mcu.externaltools.gnu-tools-for-stm32.10.3-2021.10.win32_1.0.0.202111181127/tools/bin/../lib/gcc/arm-none-eabi/10.3.1/../../../../arm-none-eabi/lib/thumb/v7e-m+fp/hard\libnosys.a
END GROUP
LOAD d:/st/stm32cubeide_1.10.1/stm32cubeide/plugins/com.st.stm32cube.ide.mcu.externaltools.gnu-tools-for-stm32.10.3-2021.10.win32_1.0.0.202111181127/tools/bin/../lib/gcc/arm-none-eabi/10.3.1/thumb/v7e-m+fp/hard/crtend.o
LOAD d:/st/stm32cubeide_1.10.1/stm32cubeide/plugins/com.st.stm32cube.ide.mcu.externaltools.gnu-tools-for-stm32.10.3-2021.10.win32_1.0.0.202111181127/tools/bin/../lib/gcc/arm-none-eabi/10.3.1/thumb/v7e-m+fp/hard/crtn.o
                0x000000002001ffd8                _estack = (ORIGIN (RAM) + LENGTH (RAM))
                0x0000000000001000                _Min_Heap_Size = 0x1000
                0x0000000000001000                _Min_Stack_Size = 0x1000

.isr_vector     0x0000000008000000      0x1c4
                0x0000000008000000                . = ALIGN (0x4)
 *(.isr_vector)
 .isr_vector    0x0000000008000000      0x1c4 ./Core/Startup/startup_stm32f446vetx.o
                0x0000000008000000                g_pfnVectors
                0x00000000080001c4                . = ALIGN (0x4)

.text           0x00000000080001d0     0xd30c
                0x00000000080001d0                . = ALIGN (0x4)
 *(.text)
 .text          0x00000000080001d0       0x40 d:/st/stm32cubeide_1.10.1/stm32cubeide/plugins/com.st.stm32cube.ide.mcu.externaltools.gnu-tools-for-stm32.10.3-2021.10.win32_1.0.0.202111181127/tools/bin/../lib/gcc/arm-none-eabi/10.3.1/thumb/v7e-m+fp/hard/crtbegin.o
 .text          0x0000000008000210       0xa0 d:/st/stm32cubeide_1.10.1/stm32cubeide/plugins/com.st.stm32cube.ide.mcu.externaltools.gnu-tools-for-stm32.10.3-2021.10.win32_1.0.0.202111181127/tools/bin/../lib/gcc/arm-none-eabi/10.3.1/../../../../arm-none-eabi/lib/thumb/v7e-m+fp/hard\libc_nano.a(lib_a-memchr.o)
                0x0000000008000210                memchr
 .text          0x00000000080002b0       0x30 d:/st/stm32cubeide_1.10.1/stm32cubeide/plugins/com.st.stm32cube.ide.mcu.externaltools.gnu-tools-for-stm32.10.3-2021.10.win32_1.0.0.202111181127/tools/bin/../lib/gcc/arm-none-eabi/10.3.1/thumb/v7e-m+fp/hard\libgcc.a(_aeabi_uldivmod.o)
                0x00000000080002b0                __aeabi_uldivmod
 .text          0x00000000080002e0      0x2d0 d:/st/stm32cubeide_1.10.1/stm32cubeide/plugins/com.st.stm32cube.ide.mcu.externaltools.gnu-tools-for-stm32.10.3-2021.10.win32_1.0.0.202111181127/tools/bin/../lib/gcc/arm-none-eabi/10.3.1/thumb/v7e-m+fp/hard\libgcc.a(_udivmoddi4.o)
                0x00000000080002e0                __udivmoddi4
 .text          0x00000000080005b0        0x4 d:/st/stm32cubeide_1.10.1/stm32cubeide/plugins/com.st.stm32cube.ide.mcu.externaltools.gnu-tools-for-stm32.10.3-2021.10.win32_1.0.0.202111181127/tools/bin/../lib/gcc/arm-none-eabi/10.3.1/thumb/v7e-m+fp/hard\libgcc.a(_dvmd_tls.o)
                0x00000000080005b0                __aeabi_idiv0
                0x00000000080005b0                __aeabi_ldiv0
 *(.text*)
 .text.MX_GPIO_Init
                0x00000000080005b4       0x84 ./Core/Src/gpio.o
                0x00000000080005b4                MX_GPIO_Init
 .text.__io_putchar
                0x0000000008000638       0x24 ./Core/Src/main.o
                0x0000000008000638                __io_putchar
 .text.init     0x000000000800065c       0x38 ./Core/Src/main.o
                0x000000000800065c                init
 .text.main     0x0000000008000694       0x6c ./Core/Src/main.o
                0x0000000008000694                main
 .text.SystemClock_Config
                0x0000000008000700       0xe4 ./Core/Src/main.o
                0x0000000008000700                SystemClock_Config
 .text.Error_Handler
                0x00000000080007e4       0x14 ./Core/Src/main.o
                0x00000000080007e4                Error_Handler
 .text.HAL_MspInit
                0x00000000080007f8       0x50 ./Core/Src/stm32f4xx_hal_msp.o
                0x00000000080007f8                HAL_MspInit
 .text.NMI_Handler
                0x0000000008000848        0x6 ./Core/Src/stm32f4xx_it.o
                0x0000000008000848                NMI_Handler
 .text.HardFault_Handler
                0x000000000800084e        0x6 ./Core/Src/stm32f4xx_it.o
                0x000000000800084e                HardFault_Handler
 .text.MemManage_Handler
                0x0000000008000854        0x6 ./Core/Src/stm32f4xx_it.o
                0x0000000008000854                MemManage_Handler
 .text.BusFault_Handler
                0x000000000800085a        0x6 ./Core/Src/stm32f4xx_it.o
                0x000000000800085a                BusFault_Handler
 .text.UsageFault_Handler
                0x0000000008000860        0x6 ./Core/Src/stm32f4xx_it.o
                0x0000000008000860                UsageFault_Handler
 .text.SVC_Handler
                0x0000000008000866        0xe ./Core/Src/stm32f4xx_it.o
                0x0000000008000866                SVC_Handler
 .text.DebugMon_Handler
                0x0000000008000874        0xe ./Core/Src/stm32f4xx_it.o
                0x0000000008000874                DebugMon_Handler
 .text.PendSV_Handler
                0x0000000008000882        0xe ./Core/Src/stm32f4xx_it.o
                0x0000000008000882                PendSV_Handler
 .text.SysTick_Handler
                0x0000000008000890        0xc ./Core/Src/stm32f4xx_it.o
                0x0000000008000890                SysTick_Handler
 .text.OTG_FS_IRQHandler
                0x000000000800089c       0x14 ./Core/Src/stm32f4xx_it.o
                0x000000000800089c                OTG_FS_IRQHandler
 .text._read    0x00000000080008b0       0x3a ./Core/Src/syscalls.o
                0x00000000080008b0                _read
 .text._write   0x00000000080008ea       0x38 ./Core/Src/syscalls.o
                0x00000000080008ea                _write
 .text._close   0x0000000008000922       0x18 ./Core/Src/syscalls.o
                0x0000000008000922                _close
 .text._fstat   0x000000000800093a       0x20 ./Core/Src/syscalls.o
                0x000000000800093a                _fstat
 .text._isatty  0x000000000800095a       0x16 ./Core/Src/syscalls.o
                0x000000000800095a                _isatty
 .text._lseek   0x0000000008000970       0x1a ./Core/Src/syscalls.o
                0x0000000008000970                _lseek
 *fill*         0x000000000800098a        0x2 
 .text._sbrk    0x000000000800098c       0x6c ./Core/Src/sysmem.o
                0x000000000800098c                _sbrk
 .text.SystemInit
                0x00000000080009f8       0x24 ./Core/Src/system_stm32f4xx.o
                0x00000000080009f8                SystemInit
 .text.MX_USART1_UART_Init
                0x0000000008000a1c       0x54 ./Core/Src/usart.o
                0x0000000008000a1c                MX_USART1_UART_Init
 .text.HAL_UART_MspInit
                0x0000000008000a70       0x90 ./Core/Src/usart.o
                0x0000000008000a70                HAL_UART_MspInit
 .text.Reset_Handler
                0x0000000008000b00       0x50 ./Core/Startup/startup_stm32f446vetx.o
                0x0000000008000b00                Reset_Handler
 .text.Default_Handler
                0x0000000008000b50        0x2 ./Core/Startup/startup_stm32f446vetx.o
                0x0000000008000b50                RTC_Alarm_IRQHandler
                0x0000000008000b50                EXTI2_IRQHandler
                0x0000000008000b50                TIM8_CC_IRQHandler
                0x0000000008000b50                FMPI2C1_EV_IRQHandler
                0x0000000008000b50                SPI4_IRQHandler
                0x0000000008000b50                TIM1_CC_IRQHandler
                0x0000000008000b50                DMA2_Stream5_IRQHandler
                0x0000000008000b50                DMA1_Stream5_IRQHandler
                0x0000000008000b50                PVD_IRQHandler
                0x0000000008000b50                SDIO_IRQHandler
                0x0000000008000b50                TAMP_STAMP_IRQHandler
                0x0000000008000b50                CAN2_RX1_IRQHandler
                0x0000000008000b50                EXTI3_IRQHandler
                0x0000000008000b50                TIM8_TRG_COM_TIM14_IRQHandler
                0x0000000008000b50                TIM1_UP_TIM10_IRQHandler
                0x0000000008000b50                TIM8_UP_TIM13_IRQHandler
                0x0000000008000b50                I2C3_ER_IRQHandler
                0x0000000008000b50                EXTI0_IRQHandler
                0x0000000008000b50                I2C2_EV_IRQHandler
                0x0000000008000b50                DMA1_Stream2_IRQHandler
                0x0000000008000b50                CAN1_RX0_IRQHandler
                0x0000000008000b50                FPU_IRQHandler
                0x0000000008000b50                OTG_HS_WKUP_IRQHandler
                0x0000000008000b50                CAN2_SCE_IRQHandler
                0x0000000008000b50                DMA2_Stream2_IRQHandler
                0x0000000008000b50                SPI1_IRQHandler
                0x0000000008000b50                TIM6_DAC_IRQHandler
                0x0000000008000b50                TIM1_BRK_TIM9_IRQHandler
                0x0000000008000b50                DCMI_IRQHandler
                0x0000000008000b50                CAN2_RX0_IRQHandler
                0x0000000008000b50                DMA2_Stream3_IRQHandler
                0x0000000008000b50                SAI2_IRQHandler
                0x0000000008000b50                USART6_IRQHandler
                0x0000000008000b50                USART3_IRQHandler
                0x0000000008000b50                CAN1_RX1_IRQHandler
                0x0000000008000b50                UART5_IRQHandler
                0x0000000008000b50                DMA2_Stream0_IRQHandler
                0x0000000008000b50                TIM4_IRQHandler
                0x0000000008000b50                QUADSPI_IRQHandler
                0x0000000008000b50                I2C1_EV_IRQHandler
                0x0000000008000b50                DMA1_Stream6_IRQHandler
                0x0000000008000b50                DMA1_Stream1_IRQHandler
                0x0000000008000b50                UART4_IRQHandler
                0x0000000008000b50                TIM3_IRQHandler
                0x0000000008000b50                RCC_IRQHandler
                0x0000000008000b50                TIM8_BRK_TIM12_IRQHandler
                0x0000000008000b50                Default_Handler
                0x0000000008000b50                CEC_IRQHandler
                0x0000000008000b50                EXTI15_10_IRQHandler
                0x0000000008000b50                ADC_IRQHandler
                0x0000000008000b50                DMA1_Stream7_IRQHandler
                0x0000000008000b50                TIM7_IRQHandler
                0x0000000008000b50                CAN2_TX_IRQHandler
                0x0000000008000b50                TIM5_IRQHandler
                0x0000000008000b50                DMA2_Stream7_IRQHandler
                0x0000000008000b50                I2C3_EV_IRQHandler
                0x0000000008000b50                EXTI9_5_IRQHandler
                0x0000000008000b50                RTC_WKUP_IRQHandler
                0x0000000008000b50                SPDIF_RX_IRQHandler
                0x0000000008000b50                SPI2_IRQHandler
                0x0000000008000b50                OTG_HS_EP1_IN_IRQHandler
                0x0000000008000b50                DMA1_Stream0_IRQHandler
                0x0000000008000b50                CAN1_TX_IRQHandler
                0x0000000008000b50                FMPI2C1_ER_IRQHandler
                0x0000000008000b50                EXTI4_IRQHandler
                0x0000000008000b50                OTG_HS_EP1_OUT_IRQHandler
                0x0000000008000b50                WWDG_IRQHandler
                0x0000000008000b50                TIM2_IRQHandler
                0x0000000008000b50                OTG_FS_WKUP_IRQHandler
                0x0000000008000b50                TIM1_TRG_COM_TIM11_IRQHandler
                0x0000000008000b50                OTG_HS_IRQHandler
                0x0000000008000b50                EXTI1_IRQHandler
                0x0000000008000b50                USART2_IRQHandler
                0x0000000008000b50                I2C2_ER_IRQHandler
                0x0000000008000b50                DMA2_Stream1_IRQHandler
                0x0000000008000b50                CAN1_SCE_IRQHandler
                0x0000000008000b50                FLASH_IRQHandler
                0x0000000008000b50                DMA2_Stream4_IRQHandler
                0x0000000008000b50                USART1_IRQHandler
                0x0000000008000b50                SPI3_IRQHandler
                0x0000000008000b50                DMA1_Stream4_IRQHandler
                0x0000000008000b50                I2C1_ER_IRQHandler
                0x0000000008000b50                FMC_IRQHandler
                0x0000000008000b50                DMA2_Stream6_IRQHandler
                0x0000000008000b50                SAI1_IRQHandler
                0x0000000008000b50                DMA1_Stream3_IRQHandler
 *fill*         0x0000000008000b52        0x2 
 .text.HAL_Init
                0x0000000008000b54       0x44 ./Drivers/STM32F4xx_HAL_Driver/Src/stm32f4xx_hal.o
                0x0000000008000b54                HAL_Init
 .text.HAL_InitTick
                0x0000000008000b98       0x60 ./Drivers/STM32F4xx_HAL_Driver/Src/stm32f4xx_hal.o
                0x0000000008000b98                HAL_InitTick
 .text.HAL_IncTick
                0x0000000008000bf8       0x28 ./Drivers/STM32F4xx_HAL_Driver/Src/stm32f4xx_hal.o
                0x0000000008000bf8                HAL_IncTick
 .text.HAL_GetTick
                0x0000000008000c20       0x18 ./Drivers/STM32F4xx_HAL_Driver/Src/stm32f4xx_hal.o
                0x0000000008000c20                HAL_GetTick
 .text.HAL_Delay
                0x0000000008000c38       0x48 ./Drivers/STM32F4xx_HAL_Driver/Src/stm32f4xx_hal.o
                0x0000000008000c38                HAL_Delay
 .text.__NVIC_SetPriorityGrouping
                0x0000000008000c80       0x48 ./Drivers/STM32F4xx_HAL_Driver/Src/stm32f4xx_hal_cortex.o
 .text.__NVIC_GetPriorityGrouping
                0x0000000008000cc8       0x1c ./Drivers/STM32F4xx_HAL_Driver/Src/stm32f4xx_hal_cortex.o
 .text.__NVIC_EnableIRQ
                0x0000000008000ce4       0x3c ./Drivers/STM32F4xx_HAL_Driver/Src/stm32f4xx_hal_cortex.o
 .text.__NVIC_DisableIRQ
                0x0000000008000d20       0x48 ./Drivers/STM32F4xx_HAL_Driver/Src/stm32f4xx_hal_cortex.o
 .text.__NVIC_SetPriority
                0x0000000008000d68       0x54 ./Drivers/STM32F4xx_HAL_Driver/Src/stm32f4xx_hal_cortex.o
 .text.NVIC_EncodePriority
                0x0000000008000dbc       0x66 ./Drivers/STM32F4xx_HAL_Driver/Src/stm32f4xx_hal_cortex.o
 *fill*         0x0000000008000e22        0x2 
 .text.SysTick_Config
                0x0000000008000e24       0x44 ./Drivers/STM32F4xx_HAL_Driver/Src/stm32f4xx_hal_cortex.o
 .text.HAL_NVIC_SetPriorityGrouping
                0x0000000008000e68       0x16 ./Drivers/STM32F4xx_HAL_Driver/Src/stm32f4xx_hal_cortex.o
                0x0000000008000e68                HAL_NVIC_SetPriorityGrouping
 .text.HAL_NVIC_SetPriority
                0x0000000008000e7e       0x38 ./Drivers/STM32F4xx_HAL_Driver/Src/stm32f4xx_hal_cortex.o
                0x0000000008000e7e                HAL_NVIC_SetPriority
 .text.HAL_NVIC_EnableIRQ
                0x0000000008000eb6       0x1c ./Drivers/STM32F4xx_HAL_Driver/Src/stm32f4xx_hal_cortex.o
                0x0000000008000eb6                HAL_NVIC_EnableIRQ
 .text.HAL_NVIC_DisableIRQ
                0x0000000008000ed2       0x1c ./Drivers/STM32F4xx_HAL_Driver/Src/stm32f4xx_hal_cortex.o
                0x0000000008000ed2                HAL_NVIC_DisableIRQ
 .text.HAL_SYSTICK_Config
                0x0000000008000eee       0x18 ./Drivers/STM32F4xx_HAL_Driver/Src/stm32f4xx_hal_cortex.o
                0x0000000008000eee                HAL_SYSTICK_Config
 *fill*         0x0000000008000f06        0x2 
 .text.HAL_FLASH_Program
                0x0000000008000f08       0xa8 ./Drivers/STM32F4xx_HAL_Driver/Src/stm32f4xx_hal_flash.o
                0x0000000008000f08                HAL_FLASH_Program
 .text.HAL_FLASH_Unlock
                0x0000000008000fb0       0x44 ./Drivers/STM32F4xx_HAL_Driver/Src/stm32f4xx_hal_flash.o
                0x0000000008000fb0                HAL_FLASH_Unlock
 .text.HAL_FLASH_Lock
                0x0000000008000ff4       0x20 ./Drivers/STM32F4xx_HAL_Driver/Src/stm32f4xx_hal_flash.o
                0x0000000008000ff4                HAL_FLASH_Lock
 .text.HAL_FLASH_GetError
                0x0000000008001014       0x18 ./Drivers/STM32F4xx_HAL_Driver/Src/stm32f4xx_hal_flash.o
                0x0000000008001014                HAL_FLASH_GetError
 .text.FLASH_WaitForLastOperation
                0x000000000800102c       0x80 ./Drivers/STM32F4xx_HAL_Driver/Src/stm32f4xx_hal_flash.o
                0x000000000800102c                FLASH_WaitForLastOperation
 .text.FLASH_Program_DoubleWord
                0x00000000080010ac       0x64 ./Drivers/STM32F4xx_HAL_Driver/Src/stm32f4xx_hal_flash.o
 .text.FLASH_Program_Word
                0x0000000008001110       0x44 ./Drivers/STM32F4xx_HAL_Driver/Src/stm32f4xx_hal_flash.o
 .text.FLASH_Program_HalfWord
                0x0000000008001154       0x48 ./Drivers/STM32F4xx_HAL_Driver/Src/stm32f4xx_hal_flash.o
 .text.FLASH_Program_Byte
                0x000000000800119c       0x44 ./Drivers/STM32F4xx_HAL_Driver/Src/stm32f4xx_hal_flash.o
 .text.FLASH_SetErrorCode
                0x00000000080011e0       0xcc ./Drivers/STM32F4xx_HAL_Driver/Src/stm32f4xx_hal_flash.o
 .text.HAL_FLASHEx_Erase
                0x00000000080012ac       0xe0 ./Drivers/STM32F4xx_HAL_Driver/Src/stm32f4xx_hal_flash_ex.o
                0x00000000080012ac                HAL_FLASHEx_Erase
 .text.FLASH_MassErase
                0x000000000800138c       0x48 ./Drivers/STM32F4xx_HAL_Driver/Src/stm32f4xx_hal_flash_ex.o
 .text.FLASH_Erase_Sector
                0x00000000080013d4       0x90 ./Drivers/STM32F4xx_HAL_Driver/Src/stm32f4xx_hal_flash_ex.o
                0x00000000080013d4                FLASH_Erase_Sector
 .text.FLASH_FlushCaches
                0x0000000008001464       0x8c ./Drivers/STM32F4xx_HAL_Driver/Src/stm32f4xx_hal_flash_ex.o
                0x0000000008001464                FLASH_FlushCaches
 .text.HAL_GPIO_Init
                0x00000000080014f0      0x328 ./Drivers/STM32F4xx_HAL_Driver/Src/stm32f4xx_hal_gpio.o
                0x00000000080014f0                HAL_GPIO_Init
 .text.HAL_GPIO_DeInit
                0x0000000008001818      0x1e8 ./Drivers/STM32F4xx_HAL_Driver/Src/stm32f4xx_hal_gpio.o
                0x0000000008001818                HAL_GPIO_DeInit
 .text.HAL_GPIO_WritePin
                0x0000000008001a00       0x32 ./Drivers/STM32F4xx_HAL_Driver/Src/stm32f4xx_hal_gpio.o
                0x0000000008001a00                HAL_GPIO_WritePin
 .text.HAL_HCD_Init
                0x0000000008001a32       0xc4 ./Drivers/STM32F4xx_HAL_Driver/Src/stm32f4xx_hal_hcd.o
                0x0000000008001a32                HAL_HCD_Init
 .text.HAL_HCD_HC_Init
                0x0000000008001af6      0x11e ./Drivers/STM32F4xx_HAL_Driver/Src/stm32f4xx_hal_hcd.o
                0x0000000008001af6                HAL_HCD_HC_Init
 .text.HAL_HCD_HC_Halt
                0x0000000008001c14       0x46 ./Drivers/STM32F4xx_HAL_Driver/Src/stm32f4xx_hal_hcd.o
                0x0000000008001c14                HAL_HCD_HC_Halt
 .text.HAL_HCD_DeInit
                0x0000000008001c5a       0x3c ./Drivers/STM32F4xx_HAL_Driver/Src/stm32f4xx_hal_hcd.o
                0x0000000008001c5a                HAL_HCD_DeInit
 *fill*         0x0000000008001c96        0x2 
 .text.HAL_HCD_HC_SubmitRequest
                0x0000000008001c98      0x2ac ./Drivers/STM32F4xx_HAL_Driver/Src/stm32f4xx_hal_hcd.o
                0x0000000008001c98                HAL_HCD_HC_SubmitRequest
 .text.HAL_HCD_IRQHandler
                0x0000000008001f44      0x216 ./Drivers/STM32F4xx_HAL_Driver/Src/stm32f4xx_hal_hcd.o
                0x0000000008001f44                HAL_HCD_IRQHandler
 .text.HAL_HCD_Start
                0x000000000800215a       0x46 ./Drivers/STM32F4xx_HAL_Driver/Src/stm32f4xx_hal_hcd.o
                0x000000000800215a                HAL_HCD_Start
 .text.HAL_HCD_Stop
                0x00000000080021a0       0x3a ./Drivers/STM32F4xx_HAL_Driver/Src/stm32f4xx_hal_hcd.o
                0x00000000080021a0                HAL_HCD_Stop
 .text.HAL_HCD_ResetPort
                0x00000000080021da       0x1c ./Drivers/STM32F4xx_HAL_Driver/Src/stm32f4xx_hal_hcd.o
                0x00000000080021da                HAL_HCD_ResetPort
 .text.HAL_HCD_HC_GetURBState
                0x00000000080021f6       0x28 ./Drivers/STM32F4xx_HAL_Driver/Src/stm32f4xx_hal_hcd.o
                0x00000000080021f6                HAL_HCD_HC_GetURBState
 .text.HAL_HCD_HC_GetXferCount
                0x000000000800221e       0x28 ./Drivers/STM32F4xx_HAL_Driver/Src/stm32f4xx_hal_hcd.o
                0x000000000800221e                HAL_HCD_HC_GetXferCount
 .text.HAL_HCD_GetCurrentFrame
                0x0000000008002246       0x1c ./Drivers/STM32F4xx_HAL_Driver/Src/stm32f4xx_hal_hcd.o
                0x0000000008002246                HAL_HCD_GetCurrentFrame
 .text.HAL_HCD_GetCurrentSpeed
                0x0000000008002262       0x1c ./Drivers/STM32F4xx_HAL_Driver/Src/stm32f4xx_hal_hcd.o
                0x0000000008002262                HAL_HCD_GetCurrentSpeed
 .text.HCD_HC_IN_IRQHandler
                0x000000000800227e      0x6aa ./Drivers/STM32F4xx_HAL_Driver/Src/stm32f4xx_hal_hcd.o
 .text.HCD_HC_OUT_IRQHandler
                0x0000000008002928      0x6d2 ./Drivers/STM32F4xx_HAL_Driver/Src/stm32f4xx_hal_hcd.o
 .text.HCD_RXQLVL_IRQHandler
                0x0000000008002ffa      0x1a4 ./Drivers/STM32F4xx_HAL_Driver/Src/stm32f4xx_hal_hcd.o
 .text.HCD_Port_IRQHandler
                0x000000000800319e       0xe6 ./Drivers/STM32F4xx_HAL_Driver/Src/stm32f4xx_hal_hcd.o
 .text.HAL_PWREx_EnableOverDrive
                0x0000000008003284       0xa0 ./Drivers/STM32F4xx_HAL_Driver/Src/stm32f4xx_hal_pwr_ex.o
                0x0000000008003284                HAL_PWREx_EnableOverDrive
 .text.HAL_RCC_ClockConfig
                0x0000000008003324      0x1cc ./Drivers/STM32F4xx_HAL_Driver/Src/stm32f4xx_hal_rcc.o
                0x0000000008003324                HAL_RCC_ClockConfig
 .text.HAL_RCC_GetHCLKFreq
                0x00000000080034f0       0x18 ./Drivers/STM32F4xx_HAL_Driver/Src/stm32f4xx_hal_rcc.o
                0x00000000080034f0                HAL_RCC_GetHCLKFreq
 .text.HAL_RCC_GetPCLK1Freq
                0x0000000008003508       0x28 ./Drivers/STM32F4xx_HAL_Driver/Src/stm32f4xx_hal_rcc.o
                0x0000000008003508                HAL_RCC_GetPCLK1Freq
 .text.HAL_RCC_GetPCLK2Freq
                0x0000000008003530       0x28 ./Drivers/STM32F4xx_HAL_Driver/Src/stm32f4xx_hal_rcc.o
                0x0000000008003530                HAL_RCC_GetPCLK2Freq
 .text.HAL_RCCEx_PeriphCLKConfig
                0x0000000008003558      0x654 ./Drivers/STM32F4xx_HAL_Driver/Src/stm32f4xx_hal_rcc_ex.o
                0x0000000008003558                HAL_RCCEx_PeriphCLKConfig
 .text.HAL_RCC_GetSysClockFreq
                0x0000000008003bac      0x354 ./Drivers/STM32F4xx_HAL_Driver/Src/stm32f4xx_hal_rcc_ex.o
                0x0000000008003bac                HAL_RCC_GetSysClockFreq
 .text.HAL_RCC_OscConfig
                0x0000000008003f00      0x53c ./Drivers/STM32F4xx_HAL_Driver/Src/stm32f4xx_hal_rcc_ex.o
                0x0000000008003f00                HAL_RCC_OscConfig
 .text.HAL_UART_Init
                0x000000000800443c       0x9a ./Drivers/STM32F4xx_HAL_Driver/Src/stm32f4xx_hal_uart.o
                0x000000000800443c                HAL_UART_Init
 .text.HAL_UART_Transmit
                0x00000000080044d6      0x124 ./Drivers/STM32F4xx_HAL_Driver/Src/stm32f4xx_hal_uart.o
                0x00000000080044d6                HAL_UART_Transmit
 .text.UART_WaitOnFlagUntilTimeout
                0x00000000080045fa       0xdc ./Drivers/STM32F4xx_HAL_Driver/Src/stm32f4xx_hal_uart.o
 *fill*         0x00000000080046d6        0x2 
 .text.UART_SetConfig
                0x00000000080046d8      0x4e8 ./Drivers/STM32F4xx_HAL_Driver/Src/stm32f4xx_hal_uart.o
 .text.USB_CoreInit
                0x0000000008004bc0       0xc2 ./Drivers/STM32F4xx_HAL_Driver/Src/stm32f4xx_ll_usb.o
                0x0000000008004bc0                USB_CoreInit
 .text.USB_EnableGlobalInt
                0x0000000008004c82       0x22 ./Drivers/STM32F4xx_HAL_Driver/Src/stm32f4xx_ll_usb.o
                0x0000000008004c82                USB_EnableGlobalInt
 .text.USB_DisableGlobalInt
                0x0000000008004ca4       0x22 ./Drivers/STM32F4xx_HAL_Driver/Src/stm32f4xx_ll_usb.o
                0x0000000008004ca4                USB_DisableGlobalInt
 .text.USB_SetCurrentMode
                0x0000000008004cc6       0x98 ./Drivers/STM32F4xx_HAL_Driver/Src/stm32f4xx_ll_usb.o
                0x0000000008004cc6                USB_SetCurrentMode
 *fill*         0x0000000008004d5e        0x2 
 .text.USB_FlushTxFifo
                0x0000000008004d60       0x68 ./Drivers/STM32F4xx_HAL_Driver/Src/stm32f4xx_ll_usb.o
                0x0000000008004d60                USB_FlushTxFifo
 .text.USB_FlushRxFifo
                0x0000000008004dc8       0x60 ./Drivers/STM32F4xx_HAL_Driver/Src/stm32f4xx_ll_usb.o
                0x0000000008004dc8                USB_FlushRxFifo
 .text.USB_WritePacket
                0x0000000008004e28       0x7c ./Drivers/STM32F4xx_HAL_Driver/Src/stm32f4xx_ll_usb.o
                0x0000000008004e28                USB_WritePacket
 .text.USB_ReadPacket
                0x0000000008004ea4       0xb0 ./Drivers/STM32F4xx_HAL_Driver/Src/stm32f4xx_ll_usb.o
                0x0000000008004ea4                USB_ReadPacket
 .text.USB_ReadInterrupts
                0x0000000008004f54       0x26 ./Drivers/STM32F4xx_HAL_Driver/Src/stm32f4xx_ll_usb.o
                0x0000000008004f54                USB_ReadInterrupts
 .text.USB_GetMode
                0x0000000008004f7a       0x1c ./Drivers/STM32F4xx_HAL_Driver/Src/stm32f4xx_ll_usb.o
                0x0000000008004f7a                USB_GetMode
 *fill*         0x0000000008004f96        0x2 
 .text.USB_CoreReset
                0x0000000008004f98       0x68 ./Drivers/STM32F4xx_HAL_Driver/Src/stm32f4xx_ll_usb.o
 .text.USB_HostInit
                0x0000000008005000      0x168 ./Drivers/STM32F4xx_HAL_Driver/Src/stm32f4xx_ll_usb.o
                0x0000000008005000                USB_HostInit
 .text.USB_InitFSLSPClkSel
                0x0000000008005168       0x74 ./Drivers/STM32F4xx_HAL_Driver/Src/stm32f4xx_ll_usb.o
                0x0000000008005168                USB_InitFSLSPClkSel
 .text.USB_ResetPort
                0x00000000080051dc       0x54 ./Drivers/STM32F4xx_HAL_Driver/Src/stm32f4xx_ll_usb.o
                0x00000000080051dc                USB_ResetPort
 .text.USB_DriveVbus
                0x0000000008005230       0x72 ./Drivers/STM32F4xx_HAL_Driver/Src/stm32f4xx_ll_usb.o
                0x0000000008005230                USB_DriveVbus
 .text.USB_GetHostSpeed
                0x00000000080052a2       0x2e ./Drivers/STM32F4xx_HAL_Driver/Src/stm32f4xx_ll_usb.o
                0x00000000080052a2                USB_GetHostSpeed
 .text.USB_GetCurrentFrame
                0x00000000080052d0       0x22 ./Drivers/STM32F4xx_HAL_Driver/Src/stm32f4xx_ll_usb.o
                0x00000000080052d0                USB_GetCurrentFrame
 *fill*         0x00000000080052f2        0x2 
 .text.USB_HC_Init
                0x00000000080052f4      0x244 ./Drivers/STM32F4xx_HAL_Driver/Src/stm32f4xx_ll_usb.o
                0x00000000080052f4                USB_HC_Init
 .text.USB_HC_StartXfer
                0x0000000008005538      0x284 ./Drivers/STM32F4xx_HAL_Driver/Src/stm32f4xx_ll_usb.o
                0x0000000008005538                USB_HC_StartXfer
 .text.USB_HC_ReadInterrupt
                0x00000000080057bc       0x22 ./Drivers/STM32F4xx_HAL_Driver/Src/stm32f4xx_ll_usb.o
                0x00000000080057bc                USB_HC_ReadInterrupt
 .text.USB_HC_Halt
                0x00000000080057de      0x1f8 ./Drivers/STM32F4xx_HAL_Driver/Src/stm32f4xx_ll_usb.o
                0x00000000080057de                USB_HC_Halt
 *fill*         0x00000000080059d6        0x2 
 .text.USB_DoPing
                0x00000000080059d8       0x78 ./Drivers/STM32F4xx_HAL_Driver/Src/stm32f4xx_ll_usb.o
                0x00000000080059d8                USB_DoPing
 .text.USB_StopHost
                0x0000000008005a50      0x124 ./Drivers/STM32F4xx_HAL_Driver/Src/stm32f4xx_ll_usb.o
                0x0000000008005a50                USB_StopHost
 .text.MX_FATFS_Init
                0x0000000008005b74       0x24 ./FATFS/App/fatfs.o
                0x0000000008005b74                MX_FATFS_Init
 .text.get_fattime
                0x0000000008005b98       0x10 ./FATFS/App/fatfs.o
                0x0000000008005b98                get_fattime
 .text.USBH_initialize
                0x0000000008005ba8       0x18 ./FATFS/Target/usbh_diskio.o
                0x0000000008005ba8                USBH_initialize
 .text.USBH_status
                0x0000000008005bc0       0x38 ./FATFS/Target/usbh_diskio.o
                0x0000000008005bc0                USBH_status
 .text.USBH_read
                0x0000000008005bf8       0x74 ./FATFS/Target/usbh_diskio.o
                0x0000000008005bf8                USBH_read
 .text.USBH_write
                0x0000000008005c6c       0x84 ./FATFS/Target/usbh_diskio.o
                0x0000000008005c6c                USBH_write
 .text.USBH_ioctl
                0x0000000008005cf0       0xd8 ./FATFS/Target/usbh_diskio.o
                0x0000000008005cf0                USBH_ioctl
 .text.USBH_MSC_InterfaceInit
                0x0000000008005dc8      0x244 ./Middlewares/ST/STM32_USB_Host_Library/Class/MSC/Src/usbh_msc.o
 .text.USBH_MSC_InterfaceDeInit
                0x000000000800600c       0x8c ./Middlewares/ST/STM32_USB_Host_Library/Class/MSC/Src/usbh_msc.o
 .text.USBH_MSC_ClassRequest
                0x0000000008006098       0xce ./Middlewares/ST/STM32_USB_Host_Library/Class/MSC/Src/usbh_msc.o
 *fill*         0x0000000008006166        0x2 
 .text.USBH_MSC_Process
                0x0000000008006168      0x520 ./Middlewares/ST/STM32_USB_Host_Library/Class/MSC/Src/usbh_msc.o
 .text.USBH_MSC_SOFProcess
                0x0000000008006688       0x16 ./Middlewares/ST/STM32_USB_Host_Library/Class/MSC/Src/usbh_msc.o
 .text.USBH_MSC_RdWrProcess
                0x000000000800669e      0x19e ./Middlewares/ST/STM32_USB_Host_Library/Class/MSC/Src/usbh_msc.o
 .text.USBH_MSC_UnitIsReady
                0x000000000800683c       0x4c ./Middlewares/ST/STM32_USB_Host_Library/Class/MSC/Src/usbh_msc.o
                0x000000000800683c                USBH_MSC_UnitIsReady
 .text.USBH_MSC_GetLUNInfo
                0x0000000008006888       0x48 ./Middlewares/ST/STM32_USB_Host_Library/Class/MSC/Src/usbh_msc.o
                0x0000000008006888                USBH_MSC_GetLUNInfo
 .text.USBH_MSC_Read
                0x00000000080068d0       0xd2 ./Middlewares/ST/STM32_USB_Host_Library/Class/MSC/Src/usbh_msc.o
                0x00000000080068d0                USBH_MSC_Read
 .text.USBH_MSC_Write
                0x00000000080069a2       0xd2 ./Middlewares/ST/STM32_USB_Host_Library/Class/MSC/Src/usbh_msc.o
                0x00000000080069a2                USBH_MSC_Write
 .text.USBH_MSC_BOT_REQ_Reset
                0x0000000008006a74       0x3a ./Middlewares/ST/STM32_USB_Host_Library/Class/MSC/Src/usbh_msc_bot.o
                0x0000000008006a74                USBH_MSC_BOT_REQ_Reset
 .text.USBH_MSC_BOT_REQ_GetMaxLUN
                0x0000000008006aae       0x3c ./Middlewares/ST/STM32_USB_Host_Library/Class/MSC/Src/usbh_msc_bot.o
                0x0000000008006aae                USBH_MSC_BOT_REQ_GetMaxLUN
 *fill*         0x0000000008006aea        0x2 
 .text.USBH_MSC_BOT_Init
                0x0000000008006aec       0x44 ./Middlewares/ST/STM32_USB_Host_Library/Class/MSC/Src/usbh_msc_bot.o
                0x0000000008006aec                USBH_MSC_BOT_Init
 .text.USBH_MSC_BOT_Process
                0x0000000008006b30      0x39c ./Middlewares/ST/STM32_USB_Host_Library/Class/MSC/Src/usbh_msc_bot.o
                0x0000000008006b30                USBH_MSC_BOT_Process
 .text.USBH_MSC_BOT_Abort
                0x0000000008006ecc       0x58 ./Middlewares/ST/STM32_USB_Host_Library/Class/MSC/Src/usbh_msc_bot.o
 .text.USBH_MSC_DecodeCSW
                0x0000000008006f24       0x88 ./Middlewares/ST/STM32_USB_Host_Library/Class/MSC/Src/usbh_msc_bot.o
 .text.USBH_MSC_SCSI_TestUnitReady
                0x0000000008006fac       0x86 ./Middlewares/ST/STM32_USB_Host_Library/Class/MSC/Src/usbh_msc_scsi.o
                0x0000000008006fac                USBH_MSC_SCSI_TestUnitReady
 .text.USBH_MSC_SCSI_ReadCapacity
                0x0000000008007032       0xf6 ./Middlewares/ST/STM32_USB_Host_Library/Class/MSC/Src/usbh_msc_scsi.o
                0x0000000008007032                USBH_MSC_SCSI_ReadCapacity
 .text.USBH_MSC_SCSI_Inquiry
                0x0000000008007128      0x14a ./Middlewares/ST/STM32_USB_Host_Library/Class/MSC/Src/usbh_msc_scsi.o
                0x0000000008007128                USBH_MSC_SCSI_Inquiry
 .text.USBH_MSC_SCSI_RequestSense
                0x0000000008007272       0xf2 ./Middlewares/ST/STM32_USB_Host_Library/Class/MSC/Src/usbh_msc_scsi.o
                0x0000000008007272                USBH_MSC_SCSI_RequestSense
 .text.USBH_MSC_SCSI_Write
                0x0000000008007364       0xd6 ./Middlewares/ST/STM32_USB_Host_Library/Class/MSC/Src/usbh_msc_scsi.o
                0x0000000008007364                USBH_MSC_SCSI_Write
 .text.USBH_MSC_SCSI_Read
                0x000000000800743a       0xd6 ./Middlewares/ST/STM32_USB_Host_Library/Class/MSC/Src/usbh_msc_scsi.o
                0x000000000800743a                USBH_MSC_SCSI_Read
 .text.USBH_Init
                0x0000000008007510       0x74 ./Middlewares/ST/STM32_USB_Host_Library/Core/Src/usbh_core.o
                0x0000000008007510                USBH_Init
 .text.DeInitStateMachine
                0x0000000008007584       0xa8 ./Middlewares/ST/STM32_USB_Host_Library/Core/Src/usbh_core.o
 .text.USBH_RegisterClass
                0x000000000800762c       0x54 ./Middlewares/ST/STM32_USB_Host_Library/Core/Src/usbh_core.o
                0x000000000800762c                USBH_RegisterClass
 .text.USBH_SelectInterface
                0x0000000008007680       0x38 ./Middlewares/ST/STM32_USB_Host_Library/Core/Src/usbh_core.o
                0x0000000008007680                USBH_SelectInterface
 .text.USBH_FindInterface
                0x00000000080076b8       0x8c ./Middlewares/ST/STM32_USB_Host_Library/Core/Src/usbh_core.o
                0x00000000080076b8                USBH_FindInterface
 .text.USBH_Start
                0x0000000008007744       0x20 ./Middlewares/ST/STM32_USB_Host_Library/Core/Src/usbh_core.o
                0x0000000008007744                USBH_Start
 .text.USBH_Process
                0x0000000008007764      0x3d8 ./Middlewares/ST/STM32_USB_Host_Library/Core/Src/usbh_core.o
                0x0000000008007764                USBH_Process
 .text.USBH_HandleEnum
                0x0000000008007b3c      0x3c8 ./Middlewares/ST/STM32_USB_Host_Library/Core/Src/usbh_core.o
 .text.USBH_LL_SetTimer
                0x0000000008007f04       0x1e ./Middlewares/ST/STM32_USB_Host_Library/Core/Src/usbh_core.o
                0x0000000008007f04                USBH_LL_SetTimer
 .text.USBH_LL_IncTimer
                0x0000000008007f22       0x24 ./Middlewares/ST/STM32_USB_Host_Library/Core/Src/usbh_core.o
                0x0000000008007f22                USBH_LL_IncTimer
 .text.USBH_HandleSof
                0x0000000008007f46       0x30 ./Middlewares/ST/STM32_USB_Host_Library/Core/Src/usbh_core.o
 .text.USBH_LL_PortEnabled
                0x0000000008007f76       0x1c ./Middlewares/ST/STM32_USB_Host_Library/Core/Src/usbh_core.o
                0x0000000008007f76                USBH_LL_PortEnabled
 .text.USBH_LL_PortDisabled
                0x0000000008007f92       0x1c ./Middlewares/ST/STM32_USB_Host_Library/Core/Src/usbh_core.o
                0x0000000008007f92                USBH_LL_PortDisabled
 .text.USBH_LL_Connect
                0x0000000008007fae       0x2e ./Middlewares/ST/STM32_USB_Host_Library/Core/Src/usbh_core.o
                0x0000000008007fae                USBH_LL_Connect
 .text.USBH_LL_Disconnect
                0x0000000008007fdc       0x48 ./Middlewares/ST/STM32_USB_Host_Library/Core/Src/usbh_core.o
                0x0000000008007fdc                USBH_LL_Disconnect
 .text.USBH_Get_DevDesc
                0x0000000008008024       0x50 ./Middlewares/ST/STM32_USB_Host_Library/Core/Src/usbh_ctlreq.o
                0x0000000008008024                USBH_Get_DevDesc
 .text.USBH_Get_CfgDesc
                0x0000000008008074       0x48 ./Middlewares/ST/STM32_USB_Host_Library/Core/Src/usbh_ctlreq.o
                0x0000000008008074                USBH_Get_CfgDesc
 .text.USBH_Get_StringDesc
                0x00000000080080bc       0x56 ./Middlewares/ST/STM32_USB_Host_Library/Core/Src/usbh_ctlreq.o
                0x00000000080080bc                USBH_Get_StringDesc
 .text.USBH_GetDescriptor
                0x0000000008008112       0x6a ./Middlewares/ST/STM32_USB_Host_Library/Core/Src/usbh_ctlreq.o
                0x0000000008008112                USBH_GetDescriptor
 .text.USBH_SetAddress
                0x000000000800817c       0x48 ./Middlewares/ST/STM32_USB_Host_Library/Core/Src/usbh_ctlreq.o
                0x000000000800817c                USBH_SetAddress
 .text.USBH_SetCfg
                0x00000000080081c4       0x46 ./Middlewares/ST/STM32_USB_Host_Library/Core/Src/usbh_ctlreq.o
                0x00000000080081c4                USBH_SetCfg
 .text.USBH_SetFeature
                0x000000000800820a       0x48 ./Middlewares/ST/STM32_USB_Host_Library/Core/Src/usbh_ctlreq.o
                0x000000000800820a                USBH_SetFeature
 .text.USBH_ClrFeature
                0x0000000008008252       0x48 ./Middlewares/ST/STM32_USB_Host_Library/Core/Src/usbh_ctlreq.o
                0x0000000008008252                USBH_ClrFeature
 .text.USBH_ParseDevDesc
                0x000000000800829a      0x122 ./Middlewares/ST/STM32_USB_Host_Library/Core/Src/usbh_ctlreq.o
 .text.USBH_ParseCfgDesc
                0x00000000080083bc      0x1ec ./Middlewares/ST/STM32_USB_Host_Library/Core/Src/usbh_ctlreq.o
 .text.USBH_ParseInterfaceDesc
                0x00000000080085a8       0x5e ./Middlewares/ST/STM32_USB_Host_Library/Core/Src/usbh_ctlreq.o
 .text.USBH_ParseEPDesc
                0x0000000008008606      0x14a ./Middlewares/ST/STM32_USB_Host_Library/Core/Src/usbh_ctlreq.o
 .text.USBH_ParseStringDesc
                0x0000000008008750       0x66 ./Middlewares/ST/STM32_USB_Host_Library/Core/Src/usbh_ctlreq.o
 .text.USBH_GetNextDesc
                0x00000000080087b6       0x36 ./Middlewares/ST/STM32_USB_Host_Library/Core/Src/usbh_ctlreq.o
                0x00000000080087b6                USBH_GetNextDesc
 .text.USBH_CtlReq
                0x00000000080087ec       0x7a ./Middlewares/ST/STM32_USB_Host_Library/Core/Src/usbh_ctlreq.o
                0x00000000080087ec                USBH_CtlReq
 *fill*         0x0000000008008866        0x2 
 .text.USBH_HandleControl
                0x0000000008008868      0x2e8 ./Middlewares/ST/STM32_USB_Host_Library/Core/Src/usbh_ctlreq.o
 .text.USBH_CtlSendSetup
                0x0000000008008b50       0x34 ./Middlewares/ST/STM32_USB_Host_Library/Core/Src/usbh_ioreq.o
                0x0000000008008b50                USBH_CtlSendSetup
 .text.USBH_CtlSendData
                0x0000000008008b84       0x4a ./Middlewares/ST/STM32_USB_Host_Library/Core/Src/usbh_ioreq.o
                0x0000000008008b84                USBH_CtlSendData
 .text.USBH_CtlReceiveData
                0x0000000008008bce       0x3c ./Middlewares/ST/STM32_USB_Host_Library/Core/Src/usbh_ioreq.o
                0x0000000008008bce                USBH_CtlReceiveData
 .text.USBH_BulkSendData
                0x0000000008008c0a       0x4a ./Middlewares/ST/STM32_USB_Host_Library/Core/Src/usbh_ioreq.o
                0x0000000008008c0a                USBH_BulkSendData
 .text.USBH_BulkReceiveData
                0x0000000008008c54       0x3c ./Middlewares/ST/STM32_USB_Host_Library/Core/Src/usbh_ioreq.o
                0x0000000008008c54                USBH_BulkReceiveData
 .text.USBH_OpenPipe
                0x0000000008008c90       0x3e ./Middlewares/ST/STM32_USB_Host_Library/Core/Src/usbh_pipes.o
                0x0000000008008c90                USBH_OpenPipe
 .text.USBH_ClosePipe
                0x0000000008008cce       0x20 ./Middlewares/ST/STM32_USB_Host_Library/Core/Src/usbh_pipes.o
                0x0000000008008cce                USBH_ClosePipe
 .text.USBH_AllocPipe
                0x0000000008008cee       0x42 ./Middlewares/ST/STM32_USB_Host_Library/Core/Src/usbh_pipes.o
                0x0000000008008cee                USBH_AllocPipe
 .text.USBH_FreePipe
                0x0000000008008d30       0x3c ./Middlewares/ST/STM32_USB_Host_Library/Core/Src/usbh_pipes.o
                0x0000000008008d30                USBH_FreePipe
 .text.USBH_GetFreePipe
                0x0000000008008d6c       0x48 ./Middlewares/ST/STM32_USB_Host_Library/Core/Src/usbh_pipes.o
 .text.disk_status
                0x0000000008008db4       0x34 ./Middlewares/Third_Party/FatFs/src/diskio.o
                0x0000000008008db4                disk_status
 .text.disk_initialize
                0x0000000008008de8       0x4c ./Middlewares/Third_Party/FatFs/src/diskio.o
                0x0000000008008de8                disk_initialize
 .text.disk_read
                0x0000000008008e34       0x40 ./Middlewares/Third_Party/FatFs/src/diskio.o
                0x0000000008008e34                disk_read
 .text.disk_write
                0x0000000008008e74       0x40 ./Middlewares/Third_Party/FatFs/src/diskio.o
                0x0000000008008e74                disk_write
 .text.disk_ioctl
                0x0000000008008eb4       0x3c ./Middlewares/Third_Party/FatFs/src/diskio.o
                0x0000000008008eb4                disk_ioctl
 .text.ld_word  0x0000000008008ef0       0x30 ./Middlewares/Third_Party/FatFs/src/ff.o
 .text.ld_dword
                0x0000000008008f20       0x46 ./Middlewares/Third_Party/FatFs/src/ff.o
 .text.st_word  0x0000000008008f66       0x36 ./Middlewares/Third_Party/FatFs/src/ff.o
 .text.st_dword
                0x0000000008008f9c       0x58 ./Middlewares/Third_Party/FatFs/src/ff.o
 .text.mem_cpy  0x0000000008008ff4       0x42 ./Middlewares/Third_Party/FatFs/src/ff.o
 .text.mem_set  0x0000000008009036       0x36 ./Middlewares/Third_Party/FatFs/src/ff.o
 .text.mem_cmp  0x000000000800906c       0x4e ./Middlewares/Third_Party/FatFs/src/ff.o
 .text.chk_chr  0x00000000080090ba       0x36 ./Middlewares/Third_Party/FatFs/src/ff.o
 .text.chk_lock
                0x00000000080090f0       0xb8 ./Middlewares/Third_Party/FatFs/src/ff.o
 .text.enq_lock
                0x00000000080091a8       0x44 ./Middlewares/Third_Party/FatFs/src/ff.o
 .text.inc_lock
                0x00000000080091ec      0x11c ./Middlewares/Third_Party/FatFs/src/ff.o
 .text.dec_lock
                0x0000000008009308       0x78 ./Middlewares/Third_Party/FatFs/src/ff.o
 .text.clear_lock
                0x0000000008009380       0x48 ./Middlewares/Third_Party/FatFs/src/ff.o
 .text.sync_window
                0x00000000080093c8       0x88 ./Middlewares/Third_Party/FatFs/src/ff.o
 .text.move_window
                0x0000000008009450       0x5a ./Middlewares/Third_Party/FatFs/src/ff.o
 *fill*         0x00000000080094aa        0x2 
 .text.sync_fs  0x00000000080094ac       0xdc ./Middlewares/Third_Party/FatFs/src/ff.o
 .text.clust2sect
                0x0000000008009588       0x3e ./Middlewares/Third_Party/FatFs/src/ff.o
 .text.get_fat  0x00000000080095c6      0x150 ./Middlewares/Third_Party/FatFs/src/ff.o
 .text.put_fat  0x0000000008009716      0x1d8 ./Middlewares/Third_Party/FatFs/src/ff.o
 .text.remove_chain
                0x00000000080098ee       0xca ./Middlewares/Third_Party/FatFs/src/ff.o
 .text.create_chain
                0x00000000080099b8      0x130 ./Middlewares/Third_Party/FatFs/src/ff.o
 .text.clmt_clust
                0x0000000008009ae8       0x68 ./Middlewares/Third_Party/FatFs/src/ff.o
 .text.dir_sdi  0x0000000008009b50       0xf6 ./Middlewares/Third_Party/FatFs/src/ff.o
 .text.dir_next
                0x0000000008009c46      0x18a ./Middlewares/Third_Party/FatFs/src/ff.o
 .text.dir_alloc
                0x0000000008009dd0       0x8e ./Middlewares/Third_Party/FatFs/src/ff.o
 .text.ld_clust
                0x0000000008009e5e       0x3e ./Middlewares/Third_Party/FatFs/src/ff.o
 .text.st_clust
                0x0000000008009e9c       0x40 ./Middlewares/Third_Party/FatFs/src/ff.o
 .text.dir_find
                0x0000000008009edc       0xaa ./Middlewares/Third_Party/FatFs/src/ff.o
 .text.dir_register
                0x0000000008009f86       0x64 ./Middlewares/Third_Party/FatFs/src/ff.o
 .text.dir_remove
                0x0000000008009fea       0x3c ./Middlewares/Third_Party/FatFs/src/ff.o
 .text.get_fileinfo
                0x000000000800a026       0xbe ./Middlewares/Third_Party/FatFs/src/ff.o
 .text.create_name
                0x000000000800a0e4      0x128 ./Middlewares/Third_Party/FatFs/src/ff.o
 .text.follow_path
                0x000000000800a20c       0xe2 ./Middlewares/Third_Party/FatFs/src/ff.o
 .text.get_ldnumber
                0x000000000800a2ee       0x88 ./Middlewares/Third_Party/FatFs/src/ff.o
 *fill*         0x000000000800a376        0x2 
 .text.check_fs
                0x000000000800a378       0xac ./Middlewares/Third_Party/FatFs/src/ff.o
 .text.find_volume
                0x000000000800a424      0x498 ./Middlewares/Third_Party/FatFs/src/ff.o
 .text.validate
                0x000000000800a8bc       0x6a ./Middlewares/Third_Party/FatFs/src/ff.o
 *fill*         0x000000000800a926        0x2 
 .text.f_mount  0x000000000800a928       0x8c ./Middlewares/Third_Party/FatFs/src/ff.o
                0x000000000800a928                f_mount
 .text.f_open   0x000000000800a9b4      0x37c ./Middlewares/Third_Party/FatFs/src/ff.o
                0x000000000800a9b4                f_open
 .text.f_read   0x000000000800ad30      0x27e ./Middlewares/Third_Party/FatFs/src/ff.o
                0x000000000800ad30                f_read
 .text.f_sync   0x000000000800afae       0xfc ./Middlewares/Third_Party/FatFs/src/ff.o
                0x000000000800afae                f_sync
 .text.f_close  0x000000000800b0aa       0x54 ./Middlewares/Third_Party/FatFs/src/ff.o
                0x000000000800b0aa                f_close
 .text.f_lseek  0x000000000800b0fe      0x412 ./Middlewares/Third_Party/FatFs/src/ff.o
                0x000000000800b0fe                f_lseek
 .text.f_stat   0x000000000800b510       0x72 ./Middlewares/Third_Party/FatFs/src/ff.o
                0x000000000800b510                f_stat
 .text.f_rename
                0x000000000800b582      0x1f2 ./Middlewares/Third_Party/FatFs/src/ff.o
                0x000000000800b582                f_rename
 .text.FATFS_LinkDriverEx
                0x000000000800b774       0x98 ./Middlewares/Third_Party/FatFs/src/ff_gen_drv.o
                0x000000000800b774                FATFS_LinkDriverEx
 .text.FATFS_LinkDriver
                0x000000000800b80c       0x1e ./Middlewares/Third_Party/FatFs/src/ff_gen_drv.o
                0x000000000800b80c                FATFS_LinkDriver
 *fill*         0x000000000800b82a        0x2 
 .text.MX_USB_HOST_Init
                0x000000000800b82c       0x4c ./USB_HOST/App/usb_host.o
                0x000000000800b82c                MX_USB_HOST_Init
 .text.MX_USB_HOST_Process
                0x000000000800b878       0x14 ./USB_HOST/App/usb_host.o
                0x000000000800b878                MX_USB_HOST_Process
 .text.USBH_UserProcess
                0x000000000800b88c       0x64 ./USB_HOST/App/usb_host.o
 .text.HAL_HCD_MspInit
                0x000000000800b8f0       0xec ./USB_HOST/Target/usbh_conf.o
                0x000000000800b8f0                HAL_HCD_MspInit
 .text.HAL_HCD_MspDeInit
                0x000000000800b9dc       0x40 ./USB_HOST/Target/usbh_conf.o
                0x000000000800b9dc                HAL_HCD_MspDeInit
 .text.HAL_HCD_SOF_Callback
                0x000000000800ba1c       0x1c ./USB_HOST/Target/usbh_conf.o
                0x000000000800ba1c                HAL_HCD_SOF_Callback
 .text.HAL_HCD_Connect_Callback
                0x000000000800ba38       0x1c ./USB_HOST/Target/usbh_conf.o
                0x000000000800ba38                HAL_HCD_Connect_Callback
 .text.HAL_HCD_Disconnect_Callback
                0x000000000800ba54       0x1c ./USB_HOST/Target/usbh_conf.o
                0x000000000800ba54                HAL_HCD_Disconnect_Callback
 .text.HAL_HCD_HC_NotifyURBChange_Callback
                0x000000000800ba70       0x1c ./USB_HOST/Target/usbh_conf.o
                0x000000000800ba70                HAL_HCD_HC_NotifyURBChange_Callback
 .text.HAL_HCD_PortEnabled_Callback
                0x000000000800ba8c       0x1c ./USB_HOST/Target/usbh_conf.o
                0x000000000800ba8c                HAL_HCD_PortEnabled_Callback
 .text.HAL_HCD_PortDisabled_Callback
                0x000000000800baa8       0x1c ./USB_HOST/Target/usbh_conf.o
                0x000000000800baa8                HAL_HCD_PortDisabled_Callback
 .text.USBH_LL_Init
                0x000000000800bac4       0x78 ./USB_HOST/Target/usbh_conf.o
                0x000000000800bac4                USBH_LL_Init
 .text.USBH_LL_DeInit
                0x000000000800bb3c       0x36 ./USB_HOST/Target/usbh_conf.o
                0x000000000800bb3c                USBH_LL_DeInit
 .text.USBH_LL_Start
                0x000000000800bb72       0x36 ./USB_HOST/Target/usbh_conf.o
                0x000000000800bb72                USBH_LL_Start
 .text.USBH_LL_Stop
                0x000000000800bba8       0x36 ./USB_HOST/Target/usbh_conf.o
                0x000000000800bba8                USBH_LL_Stop
 .text.USBH_LL_GetSpeed
                0x000000000800bbde       0x4e ./USB_HOST/Target/usbh_conf.o
                0x000000000800bbde                USBH_LL_GetSpeed
 .text.USBH_LL_ResetPort
                0x000000000800bc2c       0x36 ./USB_HOST/Target/usbh_conf.o
                0x000000000800bc2c                USBH_LL_ResetPort
 .text.USBH_LL_GetLastXferSize
                0x000000000800bc62       0x26 ./USB_HOST/Target/usbh_conf.o
                0x000000000800bc62                USBH_LL_GetLastXferSize
 .text.USBH_LL_OpenPipe
                0x000000000800bc88       0x5e ./USB_HOST/Target/usbh_conf.o
                0x000000000800bc88                USBH_LL_OpenPipe
 .text.USBH_LL_ClosePipe
                0x000000000800bce6       0x3e ./USB_HOST/Target/usbh_conf.o
                0x000000000800bce6                USBH_LL_ClosePipe
 .text.USBH_LL_SubmitURB
                0x000000000800bd24       0x62 ./USB_HOST/Target/usbh_conf.o
                0x000000000800bd24                USBH_LL_SubmitURB
 .text.USBH_LL_GetURBState
                0x000000000800bd86       0x26 ./USB_HOST/Target/usbh_conf.o
                0x000000000800bd86                USBH_LL_GetURBState
 .text.USBH_LL_DriverVBUS
                0x000000000800bdac       0x2e ./USB_HOST/Target/usbh_conf.o
                0x000000000800bdac                USBH_LL_DriverVBUS
 .text.USBH_LL_SetToggle
                0x000000000800bdda       0x60 ./USB_HOST/Target/usbh_conf.o
                0x000000000800bdda                USBH_LL_SetToggle
 .text.USBH_LL_GetToggle
                0x000000000800be3a       0x60 ./USB_HOST/Target/usbh_conf.o
                0x000000000800be3a                USBH_LL_GetToggle
 .text.USBH_Delay
                0x000000000800be9a       0x16 ./USB_HOST/Target/usbh_conf.o
                0x000000000800be9a                USBH_Delay
 .text.USBH_Get_USB_Status
                0x000000000800beb0       0x58 ./USB_HOST/Target/usbh_conf.o
                0x000000000800beb0                USBH_Get_USB_Status
 .text.MX_DriverVbusFS
                0x000000000800bf08       0x38 ./USB_HOST/Target/usbh_platform.o
                0x000000000800bf08                MX_DriverVbusFS
 .text.FLASH_Erase_Write
                0x000000000800bf40      0x1dc ./mycode/BootLoader.o
                0x000000000800bf40                FLASH_Erase_Write
 .text.jumpToApp
                0x000000000800c11c       0x64 ./mycode/BootLoader.o
                0x000000000800c11c                jumpToApp
 .text.UP_Data  0x000000000800c180      0x29c ./mycode/BootLoader.o
                0x000000000800c180                UP_Data
 .text.__errno  0x000000000800c41c        0xc d:/st/stm32cubeide_1.10.1/stm32cubeide/plugins/com.st.stm32cube.ide.mcu.externaltools.gnu-tools-for-stm32.10.3-2021.10.win32_1.0.0.202111181127/tools/bin/../lib/gcc/arm-none-eabi/10.3.1/../../../../arm-none-eabi/lib/thumb/v7e-m+fp/hard\libc_nano.a(lib_a-errno.o)
                0x000000000800c41c                __errno
 .text.__libc_init_array
                0x000000000800c428       0x48 d:/st/stm32cubeide_1.10.1/stm32cubeide/plugins/com.st.stm32cube.ide.mcu.externaltools.gnu-tools-for-stm32.10.3-2021.10.win32_1.0.0.202111181127/tools/bin/../lib/gcc/arm-none-eabi/10.3.1/../../../../arm-none-eabi/lib/thumb/v7e-m+fp/hard\libc_nano.a(lib_a-init.o)
                0x000000000800c428                __libc_init_array
 .text.malloc   0x000000000800c470       0x10 d:/st/stm32cubeide_1.10.1/stm32cubeide/plugins/com.st.stm32cube.ide.mcu.externaltools.gnu-tools-for-stm32.10.3-2021.10.win32_1.0.0.202111181127/tools/bin/../lib/gcc/arm-none-eabi/10.3.1/../../../../arm-none-eabi/lib/thumb/v7e-m+fp/hard\libc_nano.a(lib_a-malloc.o)
                0x000000000800c470                malloc
 .text.free     0x000000000800c480       0x10 d:/st/stm32cubeide_1.10.1/stm32cubeide/plugins/com.st.stm32cube.ide.mcu.externaltools.gnu-tools-for-stm32.10.3-2021.10.win32_1.0.0.202111181127/tools/bin/../lib/gcc/arm-none-eabi/10.3.1/../../../../arm-none-eabi/lib/thumb/v7e-m+fp/hard\libc_nano.a(lib_a-malloc.o)
                0x000000000800c480                free
 .text.memcpy   0x000000000800c490       0x1c d:/st/stm32cubeide_1.10.1/stm32cubeide/plugins/com.st.stm32cube.ide.mcu.externaltools.gnu-tools-for-stm32.10.3-2021.10.win32_1.0.0.202111181127/tools/bin/../lib/gcc/arm-none-eabi/10.3.1/../../../../arm-none-eabi/lib/thumb/v7e-m+fp/hard\libc_nano.a(lib_a-memcpy-stub.o)
                0x000000000800c490                memcpy
 .text.memset   0x000000000800c4ac       0x10 d:/st/stm32cubeide_1.10.1/stm32cubeide/plugins/com.st.stm32cube.ide.mcu.externaltools.gnu-tools-for-stm32.10.3-2021.10.win32_1.0.0.202111181127/tools/bin/../lib/gcc/arm-none-eabi/10.3.1/../../../../arm-none-eabi/lib/thumb/v7e-m+fp/hard\libc_nano.a(lib_a-memset.o)
                0x000000000800c4ac                memset
 .text._free_r  0x000000000800c4bc       0x98 d:/st/stm32cubeide_1.10.1/stm32cubeide/plugins/com.st.stm32cube.ide.mcu.externaltools.gnu-tools-for-stm32.10.3-2021.10.win32_1.0.0.202111181127/tools/bin/../lib/gcc/arm-none-eabi/10.3.1/../../../../arm-none-eabi/lib/thumb/v7e-m+fp/hard\libc_nano.a(lib_a-nano-freer.o)
                0x000000000800c4bc                _free_r
 .text.sbrk_aligned
                0x000000000800c554       0x40 d:/st/stm32cubeide_1.10.1/stm32cubeide/plugins/com.st.stm32cube.ide.mcu.externaltools.gnu-tools-for-stm32.10.3-2021.10.win32_1.0.0.202111181127/tools/bin/../lib/gcc/arm-none-eabi/10.3.1/../../../../arm-none-eabi/lib/thumb/v7e-m+fp/hard\libc_nano.a(lib_a-nano-mallocr.o)
 .text._malloc_r
                0x000000000800c594       0xe8 d:/st/stm32cubeide_1.10.1/stm32cubeide/plugins/com.st.stm32cube.ide.mcu.externaltools.gnu-tools-for-stm32.10.3-2021.10.win32_1.0.0.202111181127/tools/bin/../lib/gcc/arm-none-eabi/10.3.1/../../../../arm-none-eabi/lib/thumb/v7e-m+fp/hard\libc_nano.a(lib_a-nano-mallocr.o)
                0x000000000800c594                _malloc_r
 .text.printf   0x000000000800c67c       0x30 d:/st/stm32cubeide_1.10.1/stm32cubeide/plugins/com.st.stm32cube.ide.mcu.externaltools.gnu-tools-for-stm32.10.3-2021.10.win32_1.0.0.202111181127/tools/bin/../lib/gcc/arm-none-eabi/10.3.1/../../../../arm-none-eabi/lib/thumb/v7e-m+fp/hard\libc_nano.a(lib_a-printf.o)
                0x000000000800c67c                iprintf
                0x000000000800c67c                printf
 .text._puts_r  0x000000000800c6ac       0xdc d:/st/stm32cubeide_1.10.1/stm32cubeide/plugins/com.st.stm32cube.ide.mcu.externaltools.gnu-tools-for-stm32.10.3-2021.10.win32_1.0.0.202111181127/tools/bin/../lib/gcc/arm-none-eabi/10.3.1/../../../../arm-none-eabi/lib/thumb/v7e-m+fp/hard\libc_nano.a(lib_a-puts.o)
                0x000000000800c6ac                _puts_r
 .text.puts     0x000000000800c788       0x10 d:/st/stm32cubeide_1.10.1/stm32cubeide/plugins/com.st.stm32cube.ide.mcu.externaltools.gnu-tools-for-stm32.10.3-2021.10.win32_1.0.0.202111181127/tools/bin/../lib/gcc/arm-none-eabi/10.3.1/../../../../arm-none-eabi/lib/thumb/v7e-m+fp/hard\libc_nano.a(lib_a-puts.o)
                0x000000000800c788                puts
 .text._sbrk_r  0x000000000800c798       0x20 d:/st/stm32cubeide_1.10.1/stm32cubeide/plugins/com.st.stm32cube.ide.mcu.externaltools.gnu-tools-for-stm32.10.3-2021.10.win32_1.0.0.202111181127/tools/bin/../lib/gcc/arm-none-eabi/10.3.1/../../../../arm-none-eabi/lib/thumb/v7e-m+fp/hard\libc_nano.a(lib_a-sbrkr.o)
                0x000000000800c798                _sbrk_r
 .text.__swbuf_r
                0x000000000800c7b8       0xa4 d:/st/stm32cubeide_1.10.1/stm32cubeide/plugins/com.st.stm32cube.ide.mcu.externaltools.gnu-tools-for-stm32.10.3-2021.10.win32_1.0.0.202111181127/tools/bin/../lib/gcc/arm-none-eabi/10.3.1/../../../../arm-none-eabi/lib/thumb/v7e-m+fp/hard\libc_nano.a(lib_a-wbuf.o)
                0x000000000800c7b8                __swbuf_r
 .text.__swsetup_r
                0x000000000800c85c       0xdc d:/st/stm32cubeide_1.10.1/stm32cubeide/plugins/com.st.stm32cube.ide.mcu.externaltools.gnu-tools-for-stm32.10.3-2021.10.win32_1.0.0.202111181127/tools/bin/../lib/gcc/arm-none-eabi/10.3.1/../../../../arm-none-eabi/lib/thumb/v7e-m+fp/hard\libc_nano.a(lib_a-wsetup.o)
                0x000000000800c85c                __swsetup_r
 .text.__sflush_r
                0x000000000800c938      0x10c d:/st/stm32cubeide_1.10.1/stm32cubeide/plugins/com.st.stm32cube.ide.mcu.externaltools.gnu-tools-for-stm32.10.3-2021.10.win32_1.0.0.202111181127/tools/bin/../lib/gcc/arm-none-eabi/10.3.1/../../../../arm-none-eabi/lib/thumb/v7e-m+fp/hard\libc_nano.a(lib_a-fflush.o)
                0x000000000800c938                __sflush_r
 .text._fflush_r
                0x000000000800ca44       0x78 d:/st/stm32cubeide_1.10.1/stm32cubeide/plugins/com.st.stm32cube.ide.mcu.externaltools.gnu-tools-for-stm32.10.3-2021.10.win32_1.0.0.202111181127/tools/bin/../lib/gcc/arm-none-eabi/10.3.1/../../../../arm-none-eabi/lib/thumb/v7e-m+fp/hard\libc_nano.a(lib_a-fflush.o)
                0x000000000800ca44                _fflush_r
 .text.std      0x000000000800cabc       0x48 d:/st/stm32cubeide_1.10.1/stm32cubeide/plugins/com.st.stm32cube.ide.mcu.externaltools.gnu-tools-for-stm32.10.3-2021.10.win32_1.0.0.202111181127/tools/bin/../lib/gcc/arm-none-eabi/10.3.1/../../../../arm-none-eabi/lib/thumb/v7e-m+fp/hard\libc_nano.a(lib_a-findfp.o)
 .text._cleanup_r
                0x000000000800cb04        0xc d:/st/stm32cubeide_1.10.1/stm32cubeide/plugins/com.st.stm32cube.ide.mcu.externaltools.gnu-tools-for-stm32.10.3-2021.10.win32_1.0.0.202111181127/tools/bin/../lib/gcc/arm-none-eabi/10.3.1/../../../../arm-none-eabi/lib/thumb/v7e-m+fp/hard\libc_nano.a(lib_a-findfp.o)
                0x000000000800cb04                _cleanup_r
 .text.__sfmoreglue
                0x000000000800cb10       0x2c d:/st/stm32cubeide_1.10.1/stm32cubeide/plugins/com.st.stm32cube.ide.mcu.externaltools.gnu-tools-for-stm32.10.3-2021.10.win32_1.0.0.202111181127/tools/bin/../lib/gcc/arm-none-eabi/10.3.1/../../../../arm-none-eabi/lib/thumb/v7e-m+fp/hard\libc_nano.a(lib_a-findfp.o)
                0x000000000800cb10                __sfmoreglue
 .text.__sfp_lock_acquire
                0x000000000800cb3c        0xc d:/st/stm32cubeide_1.10.1/stm32cubeide/plugins/com.st.stm32cube.ide.mcu.externaltools.gnu-tools-for-stm32.10.3-2021.10.win32_1.0.0.202111181127/tools/bin/../lib/gcc/arm-none-eabi/10.3.1/../../../../arm-none-eabi/lib/thumb/v7e-m+fp/hard\libc_nano.a(lib_a-findfp.o)
                0x000000000800cb3c                __sfp_lock_acquire
 .text.__sfp_lock_release
                0x000000000800cb48        0xc d:/st/stm32cubeide_1.10.1/stm32cubeide/plugins/com.st.stm32cube.ide.mcu.externaltools.gnu-tools-for-stm32.10.3-2021.10.win32_1.0.0.202111181127/tools/bin/../lib/gcc/arm-none-eabi/10.3.1/../../../../arm-none-eabi/lib/thumb/v7e-m+fp/hard\libc_nano.a(lib_a-findfp.o)
                0x000000000800cb48                __sfp_lock_release
 .text.__sinit_lock_acquire
                0x000000000800cb54        0xc d:/st/stm32cubeide_1.10.1/stm32cubeide/plugins/com.st.stm32cube.ide.mcu.externaltools.gnu-tools-for-stm32.10.3-2021.10.win32_1.0.0.202111181127/tools/bin/../lib/gcc/arm-none-eabi/10.3.1/../../../../arm-none-eabi/lib/thumb/v7e-m+fp/hard\libc_nano.a(lib_a-findfp.o)
                0x000000000800cb54                __sinit_lock_acquire
 .text.__sinit_lock_release
                0x000000000800cb60        0xc d:/st/stm32cubeide_1.10.1/stm32cubeide/plugins/com.st.stm32cube.ide.mcu.externaltools.gnu-tools-for-stm32.10.3-2021.10.win32_1.0.0.202111181127/tools/bin/../lib/gcc/arm-none-eabi/10.3.1/../../../../arm-none-eabi/lib/thumb/v7e-m+fp/hard\libc_nano.a(lib_a-findfp.o)
                0x000000000800cb60                __sinit_lock_release
 .text.__sinit  0x000000000800cb6c       0x70 d:/st/stm32cubeide_1.10.1/stm32cubeide/plugins/com.st.stm32cube.ide.mcu.externaltools.gnu-tools-for-stm32.10.3-2021.10.win32_1.0.0.202111181127/tools/bin/../lib/gcc/arm-none-eabi/10.3.1/../../../../arm-none-eabi/lib/thumb/v7e-m+fp/hard\libc_nano.a(lib_a-findfp.o)
                0x000000000800cb6c                __sinit
 .text.__sfp    0x000000000800cbdc       0x8c d:/st/stm32cubeide_1.10.1/stm32cubeide/plugins/com.st.stm32cube.ide.mcu.externaltools.gnu-tools-for-stm32.10.3-2021.10.win32_1.0.0.202111181127/tools/bin/../lib/gcc/arm-none-eabi/10.3.1/../../../../arm-none-eabi/lib/thumb/v7e-m+fp/hard\libc_nano.a(lib_a-findfp.o)
                0x000000000800cbdc                __sfp
 .text._fwalk_reent
                0x000000000800cc68       0x3e d:/st/stm32cubeide_1.10.1/stm32cubeide/plugins/com.st.stm32cube.ide.mcu.externaltools.gnu-tools-for-stm32.10.3-2021.10.win32_1.0.0.202111181127/tools/bin/../lib/gcc/arm-none-eabi/10.3.1/../../../../arm-none-eabi/lib/thumb/v7e-m+fp/hard\libc_nano.a(lib_a-fwalk.o)
                0x000000000800cc68                _fwalk_reent
 .text.__retarget_lock_init_recursive
                0x000000000800cca6        0x2 d:/st/stm32cubeide_1.10.1/stm32cubeide/plugins/com.st.stm32cube.ide.mcu.externaltools.gnu-tools-for-stm32.10.3-2021.10.win32_1.0.0.202111181127/tools/bin/../lib/gcc/arm-none-eabi/10.3.1/../../../../arm-none-eabi/lib/thumb/v7e-m+fp/hard\libc_nano.a(lib_a-lock.o)
                0x000000000800cca6                __retarget_lock_init_recursive
 .text.__retarget_lock_acquire_recursive
                0x000000000800cca8        0x2 d:/st/stm32cubeide_1.10.1/stm32cubeide/plugins/com.st.stm32cube.ide.mcu.externaltools.gnu-tools-for-stm32.10.3-2021.10.win32_1.0.0.202111181127/tools/bin/../lib/gcc/arm-none-eabi/10.3.1/../../../../arm-none-eabi/lib/thumb/v7e-m+fp/hard\libc_nano.a(lib_a-lock.o)
                0x000000000800cca8                __retarget_lock_acquire_recursive
 .text.__retarget_lock_release_recursive
                0x000000000800ccaa        0x2 d:/st/stm32cubeide_1.10.1/stm32cubeide/plugins/com.st.stm32cube.ide.mcu.externaltools.gnu-tools-for-stm32.10.3-2021.10.win32_1.0.0.202111181127/tools/bin/../lib/gcc/arm-none-eabi/10.3.1/../../../../arm-none-eabi/lib/thumb/v7e-m+fp/hard\libc_nano.a(lib_a-lock.o)
                0x000000000800ccaa                __retarget_lock_release_recursive
 .text.__swhatbuf_r
                0x000000000800ccac       0x4a d:/st/stm32cubeide_1.10.1/stm32cubeide/plugins/com.st.stm32cube.ide.mcu.externaltools.gnu-tools-for-stm32.10.3-2021.10.win32_1.0.0.202111181127/tools/bin/../lib/gcc/arm-none-eabi/10.3.1/../../../../arm-none-eabi/lib/thumb/v7e-m+fp/hard\libc_nano.a(lib_a-makebuf.o)
                0x000000000800ccac                __swhatbuf_r
 *fill*         0x000000000800ccf6        0x2 
 .text.__smakebuf_r
                0x000000000800ccf8       0x80 d:/st/stm32cubeide_1.10.1/stm32cubeide/plugins/com.st.stm32cube.ide.mcu.externaltools.gnu-tools-for-stm32.10.3-2021.10.win32_1.0.0.202111181127/tools/bin/../lib/gcc/arm-none-eabi/10.3.1/../../../../arm-none-eabi/lib/thumb/v7e-m+fp/hard\libc_nano.a(lib_a-makebuf.o)
                0x000000000800ccf8                __smakebuf_r
 .text.__malloc_lock
                0x000000000800cd78        0xc d:/st/stm32cubeide_1.10.1/stm32cubeide/plugins/com.st.stm32cube.ide.mcu.externaltools.gnu-tools-for-stm32.10.3-2021.10.win32_1.0.0.202111181127/tools/bin/../lib/gcc/arm-none-eabi/10.3.1/../../../../arm-none-eabi/lib/thumb/v7e-m+fp/hard\libc_nano.a(lib_a-mlock.o)
                0x000000000800cd78                __malloc_lock
 .text.__malloc_unlock
                0x000000000800cd84        0xc d:/st/stm32cubeide_1.10.1/stm32cubeide/plugins/com.st.stm32cube.ide.mcu.externaltools.gnu-tools-for-stm32.10.3-2021.10.win32_1.0.0.202111181127/tools/bin/../lib/gcc/arm-none-eabi/10.3.1/../../../../arm-none-eabi/lib/thumb/v7e-m+fp/hard\libc_nano.a(lib_a-mlock.o)
                0x000000000800cd84                __malloc_unlock
 .text.__sfputc_r
                0x000000000800cd90       0x2e d:/st/stm32cubeide_1.10.1/stm32cubeide/plugins/com.st.stm32cube.ide.mcu.externaltools.gnu-tools-for-stm32.10.3-2021.10.win32_1.0.0.202111181127/tools/bin/../lib/gcc/arm-none-eabi/10.3.1/../../../../arm-none-eabi/lib/thumb/v7e-m+fp/hard\libc_nano.a(lib_a-nano-vfprintf.o)
 .text.__sfputs_r
                0x000000000800cdbe       0x24 d:/st/stm32cubeide_1.10.1/stm32cubeide/plugins/com.st.stm32cube.ide.mcu.externaltools.gnu-tools-for-stm32.10.3-2021.10.win32_1.0.0.202111181127/tools/bin/../lib/gcc/arm-none-eabi/10.3.1/../../../../arm-none-eabi/lib/thumb/v7e-m+fp/hard\libc_nano.a(lib_a-nano-vfprintf.o)
                0x000000000800cdbe                __sfputs_r
 *fill*         0x000000000800cde2        0x2 
 .text._vfprintf_r
                0x000000000800cde4      0x260 d:/st/stm32cubeide_1.10.1/stm32cubeide/plugins/com.st.stm32cube.ide.mcu.externaltools.gnu-tools-for-stm32.10.3-2021.10.win32_1.0.0.202111181127/tools/bin/../lib/gcc/arm-none-eabi/10.3.1/../../../../arm-none-eabi/lib/thumb/v7e-m+fp/hard\libc_nano.a(lib_a-nano-vfprintf.o)
                0x000000000800cde4                _vfprintf_r
                0x000000000800cde4                _vfiprintf_r
 .text._printf_common
                0x000000000800d044       0xda d:/st/stm32cubeide_1.10.1/stm32cubeide/plugins/com.st.stm32cube.ide.mcu.externaltools.gnu-tools-for-stm32.10.3-2021.10.win32_1.0.0.202111181127/tools/bin/../lib/gcc/arm-none-eabi/10.3.1/../../../../arm-none-eabi/lib/thumb/v7e-m+fp/hard\libc_nano.a(lib_a-nano-vfprintf_i.o)
                0x000000000800d044                _printf_common
 *fill*         0x000000000800d11e        0x2 
 .text._printf_i
                0x000000000800d120      0x24c d:/st/stm32cubeide_1.10.1/stm32cubeide/plugins/com.st.stm32cube.ide.mcu.externaltools.gnu-tools-for-stm32.10.3-2021.10.win32_1.0.0.202111181127/tools/bin/../lib/gcc/arm-none-eabi/10.3.1/../../../../arm-none-eabi/lib/thumb/v7e-m+fp/hard\libc_nano.a(lib_a-nano-vfprintf_i.o)
                0x000000000800d120                _printf_i
 .text.__sread  0x000000000800d36c       0x22 d:/st/stm32cubeide_1.10.1/stm32cubeide/plugins/com.st.stm32cube.ide.mcu.externaltools.gnu-tools-for-stm32.10.3-2021.10.win32_1.0.0.202111181127/tools/bin/../lib/gcc/arm-none-eabi/10.3.1/../../../../arm-none-eabi/lib/thumb/v7e-m+fp/hard\libc_nano.a(lib_a-stdio.o)
                0x000000000800d36c                __sread
 .text.__swrite
                0x000000000800d38e       0x38 d:/st/stm32cubeide_1.10.1/stm32cubeide/plugins/com.st.stm32cube.ide.mcu.externaltools.gnu-tools-for-stm32.10.3-2021.10.win32_1.0.0.202111181127/tools/bin/../lib/gcc/arm-none-eabi/10.3.1/../../../../arm-none-eabi/lib/thumb/v7e-m+fp/hard\libc_nano.a(lib_a-stdio.o)
                0x000000000800d38e                __swrite
 .text.__sseek  0x000000000800d3c6       0x24 d:/st/stm32cubeide_1.10.1/stm32cubeide/plugins/com.st.stm32cube.ide.mcu.externaltools.gnu-tools-for-stm32.10.3-2021.10.win32_1.0.0.202111181127/tools/bin/../lib/gcc/arm-none-eabi/10.3.1/../../../../arm-none-eabi/lib/thumb/v7e-m+fp/hard\libc_nano.a(lib_a-stdio.o)
                0x000000000800d3c6                __sseek
 .text.__sclose
                0x000000000800d3ea        0x8 d:/st/stm32cubeide_1.10.1/stm32cubeide/plugins/com.st.stm32cube.ide.mcu.externaltools.gnu-tools-for-stm32.10.3-2021.10.win32_1.0.0.202111181127/tools/bin/../lib/gcc/arm-none-eabi/10.3.1/../../../../arm-none-eabi/lib/thumb/v7e-m+fp/hard\libc_nano.a(lib_a-stdio.o)
                0x000000000800d3ea                __sclose
 *fill*         0x000000000800d3f2        0x2 
 .text._write_r
                0x000000000800d3f4       0x24 d:/st/stm32cubeide_1.10.1/stm32cubeide/plugins/com.st.stm32cube.ide.mcu.externaltools.gnu-tools-for-stm32.10.3-2021.10.win32_1.0.0.202111181127/tools/bin/../lib/gcc/arm-none-eabi/10.3.1/../../../../arm-none-eabi/lib/thumb/v7e-m+fp/hard\libc_nano.a(lib_a-writer.o)
                0x000000000800d3f4                _write_r
 .text._close_r
                0x000000000800d418       0x20 d:/st/stm32cubeide_1.10.1/stm32cubeide/plugins/com.st.stm32cube.ide.mcu.externaltools.gnu-tools-for-stm32.10.3-2021.10.win32_1.0.0.202111181127/tools/bin/../lib/gcc/arm-none-eabi/10.3.1/../../../../arm-none-eabi/lib/thumb/v7e-m+fp/hard\libc_nano.a(lib_a-closer.o)
                0x000000000800d418                _close_r
 .text._fstat_r
                0x000000000800d438       0x24 d:/st/stm32cubeide_1.10.1/stm32cubeide/plugins/com.st.stm32cube.ide.mcu.externaltools.gnu-tools-for-stm32.10.3-2021.10.win32_1.0.0.202111181127/tools/bin/../lib/gcc/arm-none-eabi/10.3.1/../../../../arm-none-eabi/lib/thumb/v7e-m+fp/hard\libc_nano.a(lib_a-fstatr.o)
                0x000000000800d438                _fstat_r
 .text._isatty_r
                0x000000000800d45c       0x20 d:/st/stm32cubeide_1.10.1/stm32cubeide/plugins/com.st.stm32cube.ide.mcu.externaltools.gnu-tools-for-stm32.10.3-2021.10.win32_1.0.0.202111181127/tools/bin/../lib/gcc/arm-none-eabi/10.3.1/../../../../arm-none-eabi/lib/thumb/v7e-m+fp/hard\libc_nano.a(lib_a-isattyr.o)
                0x000000000800d45c                _isatty_r
 .text._lseek_r
                0x000000000800d47c       0x24 d:/st/stm32cubeide_1.10.1/stm32cubeide/plugins/com.st.stm32cube.ide.mcu.externaltools.gnu-tools-for-stm32.10.3-2021.10.win32_1.0.0.202111181127/tools/bin/../lib/gcc/arm-none-eabi/10.3.1/../../../../arm-none-eabi/lib/thumb/v7e-m+fp/hard\libc_nano.a(lib_a-lseekr.o)
                0x000000000800d47c                _lseek_r
 .text._read_r  0x000000000800d4a0       0x24 d:/st/stm32cubeide_1.10.1/stm32cubeide/plugins/com.st.stm32cube.ide.mcu.externaltools.gnu-tools-for-stm32.10.3-2021.10.win32_1.0.0.202111181127/tools/bin/../lib/gcc/arm-none-eabi/10.3.1/../../../../arm-none-eabi/lib/thumb/v7e-m+fp/hard\libc_nano.a(lib_a-readr.o)
                0x000000000800d4a0                _read_r
 *(.glue_7)
 .glue_7        0x000000000800d4c4        0x0 linker stubs
 *(.glue_7t)
 .glue_7t       0x000000000800d4c4        0x0 linker stubs
 *(.eh_frame)
 .eh_frame      0x000000000800d4c4        0x0 d:/st/stm32cubeide_1.10.1/stm32cubeide/plugins/com.st.stm32cube.ide.mcu.externaltools.gnu-tools-for-stm32.10.3-2021.10.win32_1.0.0.202111181127/tools/bin/../lib/gcc/arm-none-eabi/10.3.1/thumb/v7e-m+fp/hard/crtbegin.o
 *(.init)
 .init          0x000000000800d4c4        0x4 d:/st/stm32cubeide_1.10.1/stm32cubeide/plugins/com.st.stm32cube.ide.mcu.externaltools.gnu-tools-for-stm32.10.3-2021.10.win32_1.0.0.202111181127/tools/bin/../lib/gcc/arm-none-eabi/10.3.1/thumb/v7e-m+fp/hard/crti.o
                0x000000000800d4c4                _init
 .init          0x000000000800d4c8        0x8 d:/st/stm32cubeide_1.10.1/stm32cubeide/plugins/com.st.stm32cube.ide.mcu.externaltools.gnu-tools-for-stm32.10.3-2021.10.win32_1.0.0.202111181127/tools/bin/../lib/gcc/arm-none-eabi/10.3.1/thumb/v7e-m+fp/hard/crtn.o
 *(.fini)
 .fini          0x000000000800d4d0        0x4 d:/st/stm32cubeide_1.10.1/stm32cubeide/plugins/com.st.stm32cube.ide.mcu.externaltools.gnu-tools-for-stm32.10.3-2021.10.win32_1.0.0.202111181127/tools/bin/../lib/gcc/arm-none-eabi/10.3.1/thumb/v7e-m+fp/hard/crti.o
                0x000000000800d4d0                _fini
 .fini          0x000000000800d4d4        0x8 d:/st/stm32cubeide_1.10.1/stm32cubeide/plugins/com.st.stm32cube.ide.mcu.externaltools.gnu-tools-for-stm32.10.3-2021.10.win32_1.0.0.202111181127/tools/bin/../lib/gcc/arm-none-eabi/10.3.1/thumb/v7e-m+fp/hard/crtn.o
                0x000000000800d4dc                . = ALIGN (0x4)
                0x000000000800d4dc                _etext = .

.vfp11_veneer   0x000000000800d4dc        0x0
 .vfp11_veneer  0x000000000800d4dc        0x0 linker stubs

.v4_bx          0x000000000800d4dc        0x0
 .v4_bx         0x000000000800d4dc        0x0 linker stubs

.iplt           0x000000000800d4dc        0x0
 .iplt          0x000000000800d4dc        0x0 d:/st/stm32cubeide_1.10.1/stm32cubeide/plugins/com.st.stm32cube.ide.mcu.externaltools.gnu-tools-for-stm32.10.3-2021.10.win32_1.0.0.202111181127/tools/bin/../lib/gcc/arm-none-eabi/10.3.1/thumb/v7e-m+fp/hard/crtbegin.o

.rodata         0x000000000800d4dc      0x308
                0x000000000800d4dc                . = ALIGN (0x4)
 *(.rodata)
 .rodata        0x000000000800d4dc       0x1e ./Core/Src/main.o
 *fill*         0x000000000800d4fa        0x2 
 .rodata        0x000000000800d4fc        0x4 ./Middlewares/ST/STM32_USB_Host_Library/Class/MSC/Src/usbh_msc.o
 .rodata        0x000000000800d500       0x44 ./Middlewares/Third_Party/FatFs/src/ff.o
 .rodata        0x000000000800d544      0x15b ./mycode/BootLoader.o
 *(.rodata*)
 *fill*         0x000000000800d69f        0x1 
 .rodata.AHBPrescTable
                0x000000000800d6a0       0x10 ./Core/Src/system_stm32f4xx.o
                0x000000000800d6a0                AHBPrescTable
 .rodata.APBPrescTable
                0x000000000800d6b0        0x8 ./Core/Src/system_stm32f4xx.o
                0x000000000800d6b0                APBPrescTable
 .rodata.USBH_Driver
                0x000000000800d6b8       0x14 ./FATFS/Target/usbh_diskio.o
                0x000000000800d6b8                USBH_Driver
 .rodata.ExCvt  0x000000000800d6cc       0x80 ./Middlewares/Third_Party/FatFs/src/ff.o
 .rodata._global_impure_ptr
                0x000000000800d74c        0x4 d:/st/stm32cubeide_1.10.1/stm32cubeide/plugins/com.st.stm32cube.ide.mcu.externaltools.gnu-tools-for-stm32.10.3-2021.10.win32_1.0.0.202111181127/tools/bin/../lib/gcc/arm-none-eabi/10.3.1/../../../../arm-none-eabi/lib/thumb/v7e-m+fp/hard\libc_nano.a(lib_a-impure.o)
                0x000000000800d74c                _global_impure_ptr
 .rodata.__sf_fake_stderr
                0x000000000800d750       0x20 d:/st/stm32cubeide_1.10.1/stm32cubeide/plugins/com.st.stm32cube.ide.mcu.externaltools.gnu-tools-for-stm32.10.3-2021.10.win32_1.0.0.202111181127/tools/bin/../lib/gcc/arm-none-eabi/10.3.1/../../../../arm-none-eabi/lib/thumb/v7e-m+fp/hard\libc_nano.a(lib_a-findfp.o)
                0x000000000800d750                __sf_fake_stderr
 .rodata.__sf_fake_stdin
                0x000000000800d770       0x20 d:/st/stm32cubeide_1.10.1/stm32cubeide/plugins/com.st.stm32cube.ide.mcu.externaltools.gnu-tools-for-stm32.10.3-2021.10.win32_1.0.0.202111181127/tools/bin/../lib/gcc/arm-none-eabi/10.3.1/../../../../arm-none-eabi/lib/thumb/v7e-m+fp/hard\libc_nano.a(lib_a-findfp.o)
                0x000000000800d770                __sf_fake_stdin
 .rodata.__sf_fake_stdout
                0x000000000800d790       0x20 d:/st/stm32cubeide_1.10.1/stm32cubeide/plugins/com.st.stm32cube.ide.mcu.externaltools.gnu-tools-for-stm32.10.3-2021.10.win32_1.0.0.202111181127/tools/bin/../lib/gcc/arm-none-eabi/10.3.1/../../../../arm-none-eabi/lib/thumb/v7e-m+fp/hard\libc_nano.a(lib_a-findfp.o)
                0x000000000800d790                __sf_fake_stdout
 .rodata._vfprintf_r.str1.1
                0x000000000800d7b0       0x11 d:/st/stm32cubeide_1.10.1/stm32cubeide/plugins/com.st.stm32cube.ide.mcu.externaltools.gnu-tools-for-stm32.10.3-2021.10.win32_1.0.0.202111181127/tools/bin/../lib/gcc/arm-none-eabi/10.3.1/../../../../arm-none-eabi/lib/thumb/v7e-m+fp/hard\libc_nano.a(lib_a-nano-vfprintf.o)
 .rodata._printf_i.str1.1
                0x000000000800d7c1       0x22 d:/st/stm32cubeide_1.10.1/stm32cubeide/plugins/com.st.stm32cube.ide.mcu.externaltools.gnu-tools-for-stm32.10.3-2021.10.win32_1.0.0.202111181127/tools/bin/../lib/gcc/arm-none-eabi/10.3.1/../../../../arm-none-eabi/lib/thumb/v7e-m+fp/hard\libc_nano.a(lib_a-nano-vfprintf_i.o)
                0x000000000800d7e4                . = ALIGN (0x4)
 *fill*         0x000000000800d7e3        0x1 

.ARM.extab      0x000000000800d7e4        0x0
                0x000000000800d7e4                . = ALIGN (0x4)
 *(.ARM.extab* .gnu.linkonce.armextab.*)
                0x000000000800d7e4                . = ALIGN (0x4)

.ARM            0x000000000800d7e4        0x8
                0x000000000800d7e4                . = ALIGN (0x4)
                0x000000000800d7e4                __exidx_start = .
 *(.ARM.exidx*)
 .ARM.exidx     0x000000000800d7e4        0x8 d:/st/stm32cubeide_1.10.1/stm32cubeide/plugins/com.st.stm32cube.ide.mcu.externaltools.gnu-tools-for-stm32.10.3-2021.10.win32_1.0.0.202111181127/tools/bin/../lib/gcc/arm-none-eabi/10.3.1/thumb/v7e-m+fp/hard\libgcc.a(_udivmoddi4.o)
                0x000000000800d7ec                __exidx_end = .
                0x000000000800d7ec                . = ALIGN (0x4)

.rel.dyn        0x000000000800d7ec        0x0
 .rel.iplt      0x000000000800d7ec        0x0 d:/st/stm32cubeide_1.10.1/stm32cubeide/plugins/com.st.stm32cube.ide.mcu.externaltools.gnu-tools-for-stm32.10.3-2021.10.win32_1.0.0.202111181127/tools/bin/../lib/gcc/arm-none-eabi/10.3.1/thumb/v7e-m+fp/hard/crtbegin.o

.preinit_array  0x000000000800d7ec        0x0
                0x000000000800d7ec                . = ALIGN (0x4)
                0x000000000800d7ec                PROVIDE (__preinit_array_start = .)
 *(.preinit_array*)
                0x000000000800d7ec                PROVIDE (__preinit_array_end = .)
                0x000000000800d7ec                . = ALIGN (0x4)

.init_array     0x000000000800d7ec        0x4
                0x000000000800d7ec                . = ALIGN (0x4)
                0x000000000800d7ec                PROVIDE (__init_array_start = .)
 *(SORT_BY_NAME(.init_array.*))
 *(.init_array*)
 .init_array    0x000000000800d7ec        0x4 d:/st/stm32cubeide_1.10.1/stm32cubeide/plugins/com.st.stm32cube.ide.mcu.externaltools.gnu-tools-for-stm32.10.3-2021.10.win32_1.0.0.202111181127/tools/bin/../lib/gcc/arm-none-eabi/10.3.1/thumb/v7e-m+fp/hard/crtbegin.o
                0x000000000800d7f0                PROVIDE (__init_array_end = .)
                0x000000000800d7f0                . = ALIGN (0x4)

.fini_array     0x000000000800d7f0        0x4
                0x000000000800d7f0                . = ALIGN (0x4)
                [!provide]                        PROVIDE (__fini_array_start = .)
 *(SORT_BY_NAME(.fini_array.*))
 *(.fini_array*)
 .fini_array    0x000000000800d7f0        0x4 d:/st/stm32cubeide_1.10.1/stm32cubeide/plugins/com.st.stm32cube.ide.mcu.externaltools.gnu-tools-for-stm32.10.3-2021.10.win32_1.0.0.202111181127/tools/bin/../lib/gcc/arm-none-eabi/10.3.1/thumb/v7e-m+fp/hard/crtbegin.o
                [!provide]                        PROVIDE (__fini_array_end = .)
                0x000000000800d7f4                . = ALIGN (0x4)
                0x000000000800d7f4                _sidata = LOADADDR (.data)

.data           0x0000000020000000       0x94 load address 0x000000000800d7f4
                0x0000000020000000                . = ALIGN (0x4)
                0x0000000020000000                _sdata = .
 *(.data)
 *(.data*)
 .data.SystemCoreClock
                0x0000000020000000        0x4 ./Core/Src/system_stm32f4xx.o
                0x0000000020000000                SystemCoreClock
 .data.uwTickPrio
                0x0000000020000004        0x4 ./Drivers/STM32F4xx_HAL_Driver/Src/stm32f4xx_hal.o
                0x0000000020000004                uwTickPrio
 .data.uwTickFreq
                0x0000000020000008        0x1 ./Drivers/STM32F4xx_HAL_Driver/Src/stm32f4xx_hal.o
                0x0000000020000008                uwTickFreq
 *fill*         0x0000000020000009        0x3 
 .data.USBH_msc
                0x000000002000000c       0x20 ./Middlewares/ST/STM32_USB_Host_Library/Class/MSC/Src/usbh_msc.o
                0x000000002000000c                USBH_msc
 .data.batchFlag
                0x000000002000002c        0x1 ./mycode/BootLoader.o
                0x000000002000002c                batchFlag
 *fill*         0x000000002000002d        0x3 
 .data._impure_ptr
                0x0000000020000030        0x4 d:/st/stm32cubeide_1.10.1/stm32cubeide/plugins/com.st.stm32cube.ide.mcu.externaltools.gnu-tools-for-stm32.10.3-2021.10.win32_1.0.0.202111181127/tools/bin/../lib/gcc/arm-none-eabi/10.3.1/../../../../arm-none-eabi/lib/thumb/v7e-m+fp/hard\libc_nano.a(lib_a-impure.o)
                0x0000000020000030                _impure_ptr
 .data.impure_data
                0x0000000020000034       0x60 d:/st/stm32cubeide_1.10.1/stm32cubeide/plugins/com.st.stm32cube.ide.mcu.externaltools.gnu-tools-for-stm32.10.3-2021.10.win32_1.0.0.202111181127/tools/bin/../lib/gcc/arm-none-eabi/10.3.1/../../../../arm-none-eabi/lib/thumb/v7e-m+fp/hard\libc_nano.a(lib_a-impure.o)
 *(.RamFunc)
 *(.RamFunc*)
                0x0000000020000094                . = ALIGN (0x4)
                0x0000000020000094                _edata = .

.igot.plt       0x0000000020000094        0x0 load address 0x000000000800d888
 .igot.plt      0x0000000020000094        0x0 d:/st/stm32cubeide_1.10.1/stm32cubeide/plugins/com.st.stm32cube.ide.mcu.externaltools.gnu-tools-for-stm32.10.3-2021.10.win32_1.0.0.202111181127/tools/bin/../lib/gcc/arm-none-eabi/10.3.1/thumb/v7e-m+fp/hard/crtbegin.o
                0x0000000020000094                . = ALIGN (0x4)

.bss            0x0000000020000094    0x10c5c load address 0x000000000800d888
                0x0000000020000094                _sbss = .
                0x0000000020000094                __bss_start__ = _sbss
 *(.bss)
 .bss           0x0000000020000094       0x1c d:/st/stm32cubeide_1.10.1/stm32cubeide/plugins/com.st.stm32cube.ide.mcu.externaltools.gnu-tools-for-stm32.10.3-2021.10.win32_1.0.0.202111181127/tools/bin/../lib/gcc/arm-none-eabi/10.3.1/thumb/v7e-m+fp/hard/crtbegin.o
 *(.bss*)
 .bss.bootloaderFunc.0
                0x00000000200000b0        0x4 ./Core/Src/main.o
 .bss.__sbrk_heap_end
                0x00000000200000b4        0x4 ./Core/Src/sysmem.o
 .bss.huart1    0x00000000200000b8       0x44 ./Core/Src/usart.o
                0x00000000200000b8                huart1
 .bss.uwTick    0x00000000200000fc        0x4 ./Drivers/STM32F4xx_HAL_Driver/Src/stm32f4xx_hal.o
                0x00000000200000fc                uwTick
 .bss.pFlash    0x0000000020000100       0x20 ./Drivers/STM32F4xx_HAL_Driver/Src/stm32f4xx_hal_flash.o
                0x0000000020000100                pFlash
 .bss.retUSBH   0x0000000020000120        0x1 ./FATFS/App/fatfs.o
                0x0000000020000120                retUSBH
 *fill*         0x0000000020000121        0x3 
 .bss.USBHPath  0x0000000020000124        0x4 ./FATFS/App/fatfs.o
                0x0000000020000124                USBHPath
 .bss.USBHFatFS
                0x0000000020000128      0x230 ./FATFS/App/fatfs.o
                0x0000000020000128                USBHFatFS
 .bss.USBHFile  0x0000000020000358      0x230 ./FATFS/App/fatfs.o
                0x0000000020000358                USBHFile
 .bss.FatFs     0x0000000020000588        0x4 ./Middlewares/Third_Party/FatFs/src/ff.o
 .bss.Fsid      0x000000002000058c        0x2 ./Middlewares/Third_Party/FatFs/src/ff.o
 *fill*         0x000000002000058e        0x2 
 .bss.Files     0x0000000020000590       0x20 ./Middlewares/Third_Party/FatFs/src/ff.o
 .bss.disk      0x00000000200005b0        0xc ./Middlewares/Third_Party/FatFs/src/ff_gen_drv.o
                0x00000000200005b0                disk
 .bss.hUsbHostFS
                0x00000000200005bc      0x3d8 ./USB_HOST/App/usb_host.o
                0x00000000200005bc                hUsbHostFS
 .bss.Appli_state
                0x0000000020000994        0x1 ./USB_HOST/App/usb_host.o
                0x0000000020000994                Appli_state
 *fill*         0x0000000020000995        0x3 
 .bss.hhcd_USB_OTG_FS
                0x0000000020000998      0x304 ./USB_HOST/Target/usbh_conf.o
                0x0000000020000998                hhcd_USB_OTG_FS
 .bss.res       0x0000000020000c9c        0x1 ./mycode/BootLoader.o
                0x0000000020000c9c                res
 *fill*         0x0000000020000c9d        0x3 
 .bss.EraseInitStruct
                0x0000000020000ca0       0x14 ./mycode/BootLoader.o
 .bss.RAM_Buffer
                0x0000000020000cb4    0x10000 ./mycode/BootLoader.o
                0x0000000020000cb4                RAM_Buffer
 .bss.APP_Size  0x0000000020010cb4        0x4 ./mycode/BootLoader.o
                0x0000000020010cb4                APP_Size
 .bss.Address   0x0000000020010cb8        0x4 ./mycode/BootLoader.o
                0x0000000020010cb8                Address
 .bss.SectorError
                0x0000000020010cbc        0x4 ./mycode/BootLoader.o
                0x0000000020010cbc                SectorError
 .bss.data32    0x0000000020010cc0        0x4 ./mycode/BootLoader.o
                0x0000000020010cc0                data32
 .bss.MemoryProgramStatus
                0x0000000020010cc4        0x4 ./mycode/BootLoader.o
                0x0000000020010cc4                MemoryProgramStatus
 .bss.errorcode
                0x0000000020010cc8        0x1 ./mycode/BootLoader.o
                0x0000000020010cc8                errorcode
 *fill*         0x0000000020010cc9        0x3 
 .bss.p         0x0000000020010ccc        0x4 ./mycode/BootLoader.o
                0x0000000020010ccc                p
 .bss.lseekFlag
                0x0000000020010cd0        0x1 ./mycode/BootLoader.o
                0x0000000020010cd0                lseekFlag
 .bss.SystemUpdateFlag
                0x0000000020010cd1        0x1 ./mycode/BootLoader.o
                0x0000000020010cd1                SystemUpdateFlag
 *fill*         0x0000000020010cd2        0x2 
 .bss.Jump_To_Application
                0x0000000020010cd4        0x4 ./mycode/BootLoader.o
                0x0000000020010cd4                Jump_To_Application
 .bss.JumpAddress
                0x0000000020010cd8        0x4 ./mycode/BootLoader.o
                0x0000000020010cd8                JumpAddress
 .bss.bootloaderTimeout
                0x0000000020010cdc        0x4 ./mycode/BootLoader.o
                0x0000000020010cdc                bootloaderTimeout
 .bss.__malloc_free_list
                0x0000000020010ce0        0x4 d:/st/stm32cubeide_1.10.1/stm32cubeide/plugins/com.st.stm32cube.ide.mcu.externaltools.gnu-tools-for-stm32.10.3-2021.10.win32_1.0.0.202111181127/tools/bin/../lib/gcc/arm-none-eabi/10.3.1/../../../../arm-none-eabi/lib/thumb/v7e-m+fp/hard\libc_nano.a(lib_a-nano-mallocr.o)
                0x0000000020010ce0                __malloc_free_list
 .bss.__malloc_sbrk_start
                0x0000000020010ce4        0x4 d:/st/stm32cubeide_1.10.1/stm32cubeide/plugins/com.st.stm32cube.ide.mcu.externaltools.gnu-tools-for-stm32.10.3-2021.10.win32_1.0.0.202111181127/tools/bin/../lib/gcc/arm-none-eabi/10.3.1/../../../../arm-none-eabi/lib/thumb/v7e-m+fp/hard\libc_nano.a(lib_a-nano-mallocr.o)
                0x0000000020010ce4                __malloc_sbrk_start
 .bss.__lock___malloc_recursive_mutex